[    0.000000] Initializing cgroup subsys cpuset
[    0.000000] Initializing cgroup subsys cpu
[    0.000000] Initializing cgroup subsys cpuacct
[    0.000000] Linux version 4.4.0-186-generic (buildd@lcy01-amd64-002) (gcc version 5.4.0 20160609 (Ubuntu 5.4.0-6ubuntu1~16.04.12) ) #216-Ubuntu SMP Wed Jul 1 05:34:05 UTC 2020 (Ubuntu 4.4.0-186.216-generic 4.4.228)
[    0.000000] Command line: BOOT_IMAGE=/boot/vmlinuz-4.4.0-186-generic root=LABEL=cloudimg-rootfs ro console=tty1 console=ttyS0
[    0.000000] KERNEL supported cpus:
[    0.000000]   Intel GenuineIntel
[    0.000000]   AMD AuthenticAMD
[    0.000000]   Centaur CentaurHauls
[    0.000000] x86/fpu: xstate_offset[2]:  576, xstate_sizes[2]:  256
[    0.000000] x86/fpu: Supporting XSAVE feature 0x01: 'x87 floating point registers'
[    0.000000] x86/fpu: Supporting XSAVE feature 0x02: 'SSE registers'
[    0.000000] x86/fpu: Supporting XSAVE feature 0x04: 'AVX registers'
[    0.000000] x86/fpu: Enabled xstate features 0x7, context size is 832 bytes, using 'standard' format.
[    0.000000] e820: BIOS-provided physical RAM map:
[    0.000000] BIOS-e820: [mem 0x0000000000000000-0x000000000009fbff] usable
[    0.000000] BIOS-e820: [mem 0x000000000009fc00-0x000000000009ffff] reserved
[    0.000000] BIOS-e820: [mem 0x00000000000f0000-0x00000000000fffff] reserved
[    0.000000] BIOS-e820: [mem 0x0000000000100000-0x000000003ffeffff] usable
[    0.000000] BIOS-e820: [mem 0x000000003fff0000-0x000000003fffffff] ACPI data
[    0.000000] BIOS-e820: [mem 0x00000000fec00000-0x00000000fec00fff] reserved
[    0.000000] BIOS-e820: [mem 0x00000000fee00000-0x00000000fee00fff] reserved
[    0.000000] BIOS-e820: [mem 0x00000000fffc0000-0x00000000ffffffff] reserved
[    0.000000] NX (Execute Disable) protection: active
[    0.000000] SMBIOS 2.5 present.
[    0.000000] Hypervisor detected: KVM
[    0.000000] e820: last_pfn = 0x3fff0 max_arch_pfn = 0x400000000
[    0.000000] MTRR: Disabled
[    0.000000] x86/PAT: MTRRs disabled, skipping PAT initialization too.
[    0.000000] CPU MTRRs all blank - virtualized system.
[    0.000000] x86/PAT: Configuration [0-7]: WB  WT  UC- UC  WB  WT  UC- UC  
[    0.000000] found SMP MP-table at [mem 0x0009fff0-0x0009ffff] mapped at [ffff88000009fff0]
[    0.000000] Scanning 1 areas for low memory corruption
[    0.000000] RAMDISK: [mem 0x362de000-0x37166fff]
[    0.000000] ACPI: Early table checksum verification disabled
[    0.000000] ACPI: RSDP 0x00000000000E0000 000024 (v02 VBOX  )
[    0.000000] ACPI: XSDT 0x000000003FFF0030 00003C (v01 VBOX   VBOXXSDT 00000001 ASL  00000061)
[    0.000000] ACPI: FACP 0x000000003FFF00F0 0000F4 (v04 VBOX   VBOXFACP 00000001 ASL  00000061)
[    0.000000] ACPI: DSDT 0x000000003FFF0470 002325 (v02 VBOX   VBOXBIOS 00000002 INTL 20100528)
[    0.000000] ACPI: FACS 0x000000003FFF0200 000040
[    0.000000] ACPI: FACS 0x000000003FFF0200 000040
[    0.000000] ACPI: APIC 0x000000003FFF0240 00005C (v02 VBOX   VBOXAPIC 00000001 ASL  00000061)
[    0.000000] ACPI: SSDT 0x000000003FFF02A0 0001CC (v01 VBOX   VBOXCPUT 00000002 INTL 20100528)
[    0.000000] No NUMA configuration found
[    0.000000] Faking a node at [mem 0x0000000000000000-0x000000003ffeffff]
[    0.000000] NODE_DATA(0) allocated [mem 0x3ffeb000-0x3ffeffff]
[    0.000000] kvm-clock: Using msrs 4b564d01 and 4b564d00
[    0.000000] kvm-clock: cpu 0, msr 0:3ffe3001, primary cpu clock
[    0.000000] kvm-clock: using sched offset of 3946973243 cycles
[    0.000000] clocksource: kvm-clock: mask: 0xffffffffffffffff max_cycles: 0x1cd42e4dffb, max_idle_ns: 881590591483 ns
[    0.000000] Zone ranges:
[    0.000000]   DMA      [mem 0x0000000000001000-0x0000000000ffffff]
[    0.000000]   DMA32    [mem 0x0000000001000000-0x000000003ffeffff]
[    0.000000]   Normal   empty
[    0.000000]   Device   empty
[    0.000000] Movable zone start for each node
[    0.000000] Early memory node ranges
[    0.000000]   node   0: [mem 0x0000000000001000-0x000000000009efff]
[    0.000000]   node   0: [mem 0x0000000000100000-0x000000003ffeffff]
[    0.000000] Initmem setup node 0 [mem 0x0000000000001000-0x000000003ffeffff]
[    0.000000] ACPI: PM-Timer IO Port: 0x4008
[    0.000000] IOAPIC[0]: apic_id 2, version 32, address 0xfec00000, GSI 0-23
[    0.000000] ACPI: INT_SRC_OVR (bus 0 bus_irq 0 global_irq 2 dfl dfl)
[    0.000000] ACPI: INT_SRC_OVR (bus 0 bus_irq 9 global_irq 9 low level)
[    0.000000] Using ACPI (MADT) for SMP configuration information
[    0.000000] smpboot: Allowing 2 CPUs, 0 hotplug CPUs
[    0.000000] PM: Registered nosave memory: [mem 0x00000000-0x00000fff]
[    0.000000] PM: Registered nosave memory: [mem 0x0009f000-0x0009ffff]
[    0.000000] PM: Registered nosave memory: [mem 0x000a0000-0x000effff]
[    0.000000] PM: Registered nosave memory: [mem 0x000f0000-0x000fffff]
[    0.000000] e820: [mem 0x40000000-0xfebfffff] available for PCI devices
[    0.000000] Booting paravirtualized kernel on KVM
[    0.000000] clocksource: refined-jiffies: mask: 0xffffffff max_cycles: 0xffffffff, max_idle_ns: 7645519600211568 ns
[    0.000000] setup_percpu: NR_CPUS:512 nr_cpumask_bits:512 nr_cpu_ids:2 nr_node_ids:1
[    0.000000] PERCPU: Embedded 33 pages/cpu @ffff88003fc00000 s95512 r8192 d31464 u1048576
[    0.000000] Built 1 zonelists in Node order, mobility grouping on.  Total pages: 257912
[    0.000000] Policy zone: DMA32
[    0.000000] Kernel command line: BOOT_IMAGE=/boot/vmlinuz-4.4.0-186-generic root=LABEL=cloudimg-rootfs ro console=tty1 console=ttyS0
[    0.000000] PID hash table entries: 4096 (order: 3, 32768 bytes)
[    0.000000] Memory: 997660K/1048120K available (8636K kernel code, 1337K rwdata, 4040K rodata, 1492K init, 1296K bss, 50460K reserved, 0K cma-reserved)
[    0.000000] SLUB: HWalign=64, Order=0-3, MinObjects=0, CPUs=2, Nodes=1
[    0.000000] Kernel/User page tables isolation: enabled
[    0.000000] Hierarchical RCU implementation.
[    0.000000] 	Build-time adjustment of leaf fanout to 64.
[    0.000000] 	RCU restricting CPUs from NR_CPUS=512 to nr_cpu_ids=2.
[    0.000000] RCU: Adjusting geometry for rcu_fanout_leaf=64, nr_cpu_ids=2
[    0.000000] NR_IRQS:33024 nr_irqs:440 16
[    0.000000] Console: colour VGA+ 80x25
[    0.000000] console [tty1] enabled
[    0.000000] console [ttyS0] enabled
[    0.000000] tsc: Detected 2303.998 MHz processor
[    0.205953] Calibrating delay loop (skipped) preset value.. 4607.99 BogoMIPS (lpj=9215992)
[    0.207935] pid_max: default: 32768 minimum: 301
[    0.209618] ACPI: Core revision 20150930
[    0.211783] ACPI: 2 ACPI AML tables successfully acquired and loaded
[    0.213601] Security Framework initialized
[    0.214985] Yama: becoming mindful.
[    0.215960] AppArmor: AppArmor initialized
[    0.217308] Dentry cache hash table entries: 131072 (order: 8, 1048576 bytes)
[    0.221540] Inode-cache hash table entries: 65536 (order: 7, 524288 bytes)
[    0.224039] Mount-cache hash table entries: 2048 (order: 2, 16384 bytes)
[    0.225667] Mountpoint-cache hash table entries: 2048 (order: 2, 16384 bytes)
[    0.227680] Initializing cgroup subsys io
[    0.228737] Initializing cgroup subsys memory
[    0.229781] Initializing cgroup subsys devices
[    0.230827] Initializing cgroup subsys freezer
[    0.231907] Initializing cgroup subsys net_cls
[    0.233241] Initializing cgroup subsys perf_event
[    0.234858] Initializing cgroup subsys net_prio
[    0.236082] Initializing cgroup subsys hugetlb
[    0.237460] Initializing cgroup subsys pids
[    0.239986] mce: CPU supports 0 MCE banks
[    0.241423] Last level iTLB entries: 4KB 64, 2MB 8, 4MB 8
[    0.242998] Last level dTLB entries: 4KB 64, 2MB 0, 4MB 0, 1GB 4
[    0.244750] Spectre V1 : Mitigation: usercopy/swapgs barriers and __user pointer sanitization
[    0.246967] Spectre V2 : Mitigation: Full generic retpoline
[    0.248410] Spectre V2 : Spectre v2 / SpectreRSB mitigation: Filling RSB on context switch
[    0.250735] Speculative Store Bypass: Vulnerable
[    0.251760] SRBDS: Unknown: Dependent on hypervisor status
[    0.253024] MDS: Mitigation: Clear CPU buffers
[    0.257179] Freeing SMP alternatives memory: 36K
[    0.266171] ftrace: allocating 32334 entries in 127 pages
[    0.325061] smpboot: APIC(0) Converting physical 0 to logical package 0
[    0.327090] smpboot: Max logical packages: 1
[    0.328356] x2apic enabled
[    0.329224] Switched APIC routing to physical x2apic.
[    0.331336] ..TIMER: vector=0x30 apic1=0 pin1=2 apic2=-1 pin2=-1
[    0.441406] smpboot: CPU0: Intel(R) Core(TM) i5-7360U CPU @ 2.30GHz (family: 0x6, model: 0x8e, stepping: 0x9)
[    0.445723] Performance Events: unsupported p6 CPU model 142 no PMU driver, software events only.
[    0.459091] KVM setup paravirtual spinlock
[    0.461358] x86: Booting SMP configuration:
[    0.463387] .... node  #0, CPUs:      #1
[    0.464784] kvm-clock: cpu 1, msr 0:3ffe3041, secondary cpu clock
[    0.466920] mce: CPU supports 0 MCE banks
[    0.469713] x86: Booted up 1 node, 2 CPUs
[    0.471249] smpboot: Total of 2 processors activated (9215.99 BogoMIPS)
[    0.473591] devtmpfs: initialized
[    0.476726] evm: security.selinux
[    0.478208] evm: security.SMACK64
[    0.479681] evm: security.SMACK64EXEC
[    0.480854] evm: security.SMACK64TRANSMUTE
[    0.482406] evm: security.SMACK64MMAP
[    0.483272] evm: security.ima
[    0.484155] evm: security.capability
[    0.485202] clocksource: jiffies: mask: 0xffffffff max_cycles: 0xffffffff, max_idle_ns: 7645041785100000 ns
[    0.487663] futex hash table entries: 512 (order: 3, 32768 bytes)
[    0.489205] pinctrl core: initialized pinctrl subsystem
[    0.491205] RTC time: 13:46:57, date: 07/30/20
[    0.492686] NET: Registered protocol family 16
[    0.510334] cpuidle: using governor ladder
[    0.522307] cpuidle: using governor menu
[    0.524011] PCCT header not found.
[    0.525474] ACPI: bus type PCI registered
[    0.527187] acpiphp: ACPI Hot Plug PCI Controller Driver version: 0.5
[    0.529655] PCI: Using configuration type 1 for base access
[    0.543610] ACPI: Added _OSI(Module Device)
[    0.545154] ACPI: Added _OSI(Processor Device)
[    0.546749] ACPI: Added _OSI(3.0 _SCP Extensions)
[    0.548391] ACPI: Added _OSI(Processor Aggregator Device)
[    0.550616] ACPI: Executed 1 blocks of module-level executable AML code
[    0.554139] ACPI: Interpreter enabled
[    0.556267] ACPI: (supports S0 S5)
[    0.557484] ACPI: Using IOAPIC for interrupt routing
[    0.559518] PCI: Using host bridge windows from ACPI; if necessary, use "pci=nocrs" and report a bug
[    0.566352] ACPI: PCI Root Bridge [PCI0] (domain 0000 [bus 00-ff])
[    0.568260] acpi PNP0A03:00: _OSC: OS supports [ASPM ClockPM Segments MSI]
[    0.570146] acpi PNP0A03:00: _OSC: not requesting OS control; OS requires [ExtendedConfig ASPM ClockPM MSI]
[    0.572371] acpi PNP0A03:00: fail to add MMCONFIG information, can't access extended PCI configuration space under this bridge.
[    0.575914] PCI host bridge to bus 0000:00
[    0.577909] pci_bus 0000:00: root bus resource [io  0x0000-0x0cf7 window]
[    0.579965] pci_bus 0000:00: root bus resource [io  0x0d00-0xffff window]
[    0.582152] pci_bus 0000:00: root bus resource [mem 0x000a0000-0x000bffff window]
[    0.584441] pci_bus 0000:00: root bus resource [mem 0x40000000-0xfdffffff window]
[    0.586255] pci_bus 0000:00: root bus resource [bus 00-ff]
[    0.589998] pci 0000:00:01.1: legacy IDE quirk: reg 0x10: [io  0x01f0-0x01f7]
[    0.593268] pci 0000:00:01.1: legacy IDE quirk: reg 0x14: [io  0x03f6]
[    0.597179] pci 0000:00:01.1: legacy IDE quirk: reg 0x18: [io  0x0170-0x0177]
[    0.607774] pci 0000:00:01.1: legacy IDE quirk: reg 0x1c: [io  0x0376]
[    0.625298] pci 0000:00:07.0: quirk: [io  0x4000-0x403f] claimed by PIIX4 ACPI
[    0.627560] pci 0000:00:07.0: quirk: [io  0x4100-0x410f] claimed by PIIX4 SMB
[    0.638651] ACPI: PCI Interrupt Link [LNKA] (IRQs 5 9 10 *11)
[    0.640696] ACPI: PCI Interrupt Link [LNKB] (IRQs 5 9 *10 11)
[    0.643237] ACPI: PCI Interrupt Link [LNKC] (IRQs 5 *9 10 11)
[    0.645063] ACPI: PCI Interrupt Link [LNKD] (IRQs 5 9 10 *11)
[    0.647114] ACPI: Enabled 2 GPEs in block 00 to 07
[    0.648962] vgaarb: setting as boot device: PCI:0000:00:02.0
[    0.650215] vgaarb: device added: PCI:0000:00:02.0,decodes=io+mem,owns=io+mem,locks=none
[    0.652323] vgaarb: loaded
[    0.653194] vgaarb: bridge control possible 0000:00:02.0
[    0.655321] SCSI subsystem initialized
[    0.656766] ACPI: bus type USB registered
[    0.659346] usbcore: registered new interface driver usbfs
[    0.661027] usbcore: registered new interface driver hub
[    0.662309] usbcore: registered new device driver usb
[    0.664176] PCI: Using ACPI for IRQ routing
[    0.666841] NetLabel: Initializing
[    0.667676] NetLabel:  domain hash size = 128
[    0.668657] NetLabel:  protocols = UNLABELED CIPSOv4
[    0.670213] NetLabel:  unlabeled traffic allowed by default
[    0.671838] amd_nb: Cannot enumerate AMD northbridges
[    0.673067] clocksource: Switched to clocksource kvm-clock
[    0.682683] AppArmor: AppArmor Filesystem Enabled
[    0.684210] pnp: PnP ACPI init
[    0.686117] pnp: PnP ACPI: found 3 devices
[    0.696695] clocksource: acpi_pm: mask: 0xffffff max_cycles: 0xffffff, max_idle_ns: 2085701024 ns
[    0.702678] NET: Registered protocol family 2
[    0.705037] TCP established hash table entries: 8192 (order: 4, 65536 bytes)
[    0.706812] TCP bind hash table entries: 8192 (order: 5, 131072 bytes)
[    0.708261] TCP: Hash tables configured (established 8192 bind 8192)
[    0.709859] UDP hash table entries: 512 (order: 2, 16384 bytes)
[    0.712352] UDP-Lite hash table entries: 512 (order: 2, 16384 bytes)
[    0.714624] NET: Registered protocol family 1
[    0.716820] pci 0000:00:00.0: Limiting direct PCI/PCI transfers
[    0.719684] pci 0000:00:01.0: Activating ISA DMA hang workarounds
[    0.721454] Unpacking initramfs...
[    1.020707] Freeing initrd memory: 14884K
[    1.022399] clocksource: tsc: mask: 0xffffffffffffffff max_cycles: 0x2135f5e6f15, max_idle_ns: 440795231538 ns
[    1.025224] platform rtc_cmos: registered platform RTC device (no PNP device found)
[    1.027311] Scanning for low memory corruption every 60 seconds
[    1.028901] audit: initializing netlink subsys (disabled)
[    1.030735] audit: type=2000 audit(1596116823.645:1): initialized
[    1.032322] Initialise system trusted keyring
[    1.033656] HugeTLB registered 2 MB page size, pre-allocated 0 pages
[    1.042948] zbud: loaded
[    1.053000] VFS: Disk quotas dquot_6.6.0
[    1.054389] VFS: Dquot-cache hash table entries: 512 (order 0, 4096 bytes)
[    1.058519] squashfs: version 4.0 (2009/01/31) Phillip Lougher
[    1.061912] fuse init (API version 7.23)
[    1.063993] Key type big_key registered
[    1.066075] Allocating IMA MOK and blacklist keyrings.
[    1.071040] Key type asymmetric registered
[    1.072350] Asymmetric key parser 'x509' registered
[    1.073799] Block layer SCSI generic (bsg) driver version 0.4 loaded (major 249)
[    1.077928] io scheduler noop registered
[    1.079314] io scheduler deadline registered (default)
[    1.081389] io scheduler cfq registered
[    1.082804] pci_hotplug: PCI Hot Plug PCI Core version: 0.5
[    1.084023] pciehp: PCI Express Hot Plug Controller Driver version: 0.4
[    1.085810] ACPI: AC Adapter [AC] (on-line)
[    1.087183] input: Power Button as /devices/LNXSYSTM:00/LNXPWRBN:00/input/input0
[    1.088931] ACPI: Power Button [PWRF]
[    1.090020] input: Sleep Button as /devices/LNXSYSTM:00/LNXSLPBN:00/input/input1
[    1.091800] ACPI: Sleep Button [SLPF]
[    1.094359] ACPI: Battery Slot [BAT0] (battery present)
[    1.096440] GHES: HEST is not enabled!
[    1.098498] Serial: 8250/16550 driver, 32 ports, IRQ sharing enabled
[    1.120889] 00:02: ttyS0 at I/O 0x3f8 (irq = 4, base_baud = 115200) is a 16550A
[    1.124339] Linux agpgart interface v0.103
[    1.128134] loop: module loaded
[    1.129806] scsi host0: ata_piix
[    1.131520] scsi host1: ata_piix
[    1.132671] ata1: PATA max UDMA/33 cmd 0x1f0 ctl 0x3f6 bmdma 0xd000 irq 14
[    1.134372] ata2: PATA max UDMA/33 cmd 0x170 ctl 0x376 bmdma 0xd008 irq 15
[    1.136641] libphy: Fixed MDIO Bus: probed
[    1.138717] tun: Universal TUN/TAP device driver, 1.6
[    1.141221] tun: (C) 1999-2004 Max Krasnyansky <maxk@qualcomm.com>
[    1.144082] PPP generic driver version 2.4.2
[    1.146392] ehci_hcd: USB 2.0 'Enhanced' Host Controller (EHCI) Driver
[    1.149275] ehci-pci: EHCI PCI platform driver
[    1.150654] ehci-platform: EHCI generic platform driver
[    1.152527] ohci_hcd: USB 1.1 'Open' Host Controller (OHCI) Driver
[    1.156981] ohci-pci: OHCI PCI platform driver
[    1.158763] ohci-platform: OHCI generic platform driver
[    1.161081] uhci_hcd: USB Universal Host Controller Interface driver
[    1.164688] i8042: PNP: PS/2 Controller [PNP0303:PS2K,PNP0f03:PS2M] at 0x60,0x64 irq 1,12
[    1.168349] serio: i8042 KBD port at 0x60,0x64 irq 1
[    1.169890] serio: i8042 AUX port at 0x60,0x64 irq 12
[    1.171112] mousedev: PS/2 mouse device common for all mice
[    1.172934] rtc_cmos rtc_cmos: rtc core: registered rtc_cmos as rtc0
[    1.176366] rtc_cmos rtc_cmos: alarms up to one day, 114 bytes nvram
[    1.180205] i2c /dev entries driver
[    1.181138] input: AT Translated Set 2 keyboard as /devices/platform/i8042/serio0/input/input2
[    1.183626] device-mapper: uevent: version 1.0.3
[    1.185772] device-mapper: ioctl: 4.34.0-ioctl (2015-10-28) initialised: dm-devel@redhat.com
[    1.188551] ledtrig-cpu: registered to indicate activity on CPUs
[    1.190737] NET: Registered protocol family 10
[    1.192179] NET: Registered protocol family 17
[    1.193227] Key type dns_resolver registered
[    1.195201] registered taskstats version 1
[    1.196292] Loading compiled-in X.509 certificates
[    1.198625] Loaded X.509 cert 'Build time autogenerated kernel key: cef5e81496c0efa51b848ab539e845ddf31c08be'
[    1.200899] zswap: loaded using pool lzo/zbud
[    1.204644] Key type trusted registered
[    1.209067] Key type encrypted registered
[    1.210680] AppArmor: AppArmor sha1 policy hashing enabled
[    1.212156] ima: No TPM chip found, activating TPM-bypass!
[    1.213438] ima: Allocated hash algorithm: sha1
[    1.214472] evm: HMAC attrs: 0x1
[    1.216411]   Magic number: 12:874:787
[    1.217985] rtc_cmos rtc_cmos: setting system clock to 2020-07-30 13:46:58 UTC (1596116818)
[    1.222120] BIOS EDD facility v0.16 2004-Jun-25, 0 devices found
[    1.223598] EDD information not available.
[    1.316194] Freeing unused kernel memory: 1492K
[    1.319182] Write protecting the kernel read-only data: 14336k
[    1.321091] Freeing unused kernel memory: 1592K
[    1.322740] Freeing unused kernel memory: 56K
Loading, please wait...
starting version 229
[    1.340452] random: systemd-udevd: uninitialized urandom read (16 bytes read, 3 bits of entropy available)
[    1.341170] random: udevadm: uninitialized urandom read (16 bytes read, 3 bits of entropy available)
[    1.341195] random: udevadm: uninitialized urandom read (16 bytes read, 3 bits of entropy available)
[    1.348986] random: udevadm: uninitialized urandom read (16 bytes read, 3 bits of entropy available)
[    1.349022] random: udevadm: uninitialized urandom read (16 bytes read, 3 bits of entropy available)
[    1.349179] random: udevadm: uninitialized urandom read (16 bytes read, 3 bits of entropy available)
[    1.349221] random: udevadm: uninitialized urandom read (16 bytes read, 3 bits of entropy available)
[    1.349260] random: udevadm: uninitialized urandom read (16 bytes read, 3 bits of entropy available)
[    1.349300] random: udevadm: uninitialized urandom read (16 bytes read, 3 bits of entropy available)
[    1.349340] random: udevadm: uninitialized urandom read (16 bytes read, 3 bits of entropy available)
[    1.423002] e1000: Intel(R) PRO/1000 Network Driver - version 7.3.21-k8-NAPI
[    1.425031] e1000: Copyright (c) 1999-2006 Intel Corporation.
[    1.431253] Fusion MPT base driver 3.04.20
[    1.433047] Copyright (c) 1999-2008 LSI Corporation
[    1.443605] Fusion MPT SPI Host driver 3.04.20
[    1.450856] AVX2 version of gcm_enc/dec engaged.
[    1.453353] AES CTR mode by8 optimization enabled
[    1.641803] input: ImExPS/2 Generic Explorer Mouse as /devices/platform/i8042/serio1/input/input4
[    1.857172] e1000 0000:00:03.0 eth0: (PCI:33MHz:32-bit) 02:81:88:50:25:98
[    1.863126] e1000 0000:00:03.0 eth0: Intel(R) PRO/1000 Network Connection
[    1.866216] mptbase: ioc0: Initiating bringup
[    1.931421] ioc0: LSI53C1030 A0: Capabilities={Initiator}
[    2.108630] scsi host2: ioc0: LSI53C1030 A0, FwRev=00000000h, Ports=1, MaxQ=256, IRQ=20
[    2.225752] scsi 2:0:0:0: Direct-Access     VBOX     HARDDISK         1.0  PQ: 0 ANSI: 5
[    2.229299] scsi target2:0:0: Beginning Domain Validation
[    2.233542] scsi target2:0:0: Domain Validation skipping write tests
[    2.235536] scsi target2:0:0: Ending Domain Validation
[    2.237143] scsi target2:0:0: asynchronous
[    2.239270] scsi 2:0:1:0: Direct-Access     VBOX     HARDDISK         1.0  PQ: 0 ANSI: 5
[    2.241486] scsi target2:0:1: Beginning Domain Validation
[    2.244929] scsi target2:0:1: Domain Validation skipping write tests
[    2.246482] scsi target2:0:1: Ending Domain Validation
[    2.247725] scsi target2:0:1: asynchronous
[    2.302052] sd 2:0:0:0: Attached scsi generic sg0 type 0
[    2.304189] sd 2:0:1:0: Attached scsi generic sg1 type 0
[    2.305921] sd 2:0:0:0: [sda] 20971520 512-byte logical blocks: (10.7 GB/10.0 GiB)
[    2.307991] sd 2:0:1:0: [sdb] 20480 512-byte logical blocks: (10.5 MB/10.0 MiB)
[    2.310724] sd 2:0:1:0: [sdb] Write Protect is off
[    2.311916] sd 2:0:0:0: [sda] Write Protect is off
[    2.313638] sd 2:0:1:0: [sdb] Incomplete mode parameter data
[    2.315373] sd 2:0:1:0: [sdb] Assuming drive cache: write through
[    2.318010] sd 2:0:0:0: [sda] Incomplete mode parameter data
[    2.320142] sd 2:0:0:0: [sda] Assuming drive cache: write through
[    2.325150] sd 2:0:1:0: [sdb] Attached SCSI disk
[    2.326401]  sda: sda1
[    2.328089] sd 2:0:0:0: [sda] Attached SCSI disk
[    3.050782] e1000 0000:00:08.0 eth1: (PCI:33MHz:32-bit) 08:00:27:c1:69:11
[    3.053822] e1000 0000:00:08.0 eth1: Intel(R) PRO/1000 Network Connection
[    3.058269] e1000 0000:00:08.0 enp0s8: renamed from eth1
[    3.077811] e1000 0000:00:03.0 enp0s3: renamed from eth0
Begin: Loading essential drivers ... [    4.425863] md: linear personality registered for level -1
[    4.430149] md: multipath personality registered for level -4
[    4.433987] md: raid0 personality registered for level 0
[    4.439693] md: raid1 personality registered for level 1
[    4.509211] raid6: sse2x1   gen() 11006 MB/s
[    4.577111] raid6: sse2x1   xor()  8175 MB/s
[    4.645305] raid6: sse2x2   gen() 13627 MB/s
[    4.713315] raid6: sse2x2   xor()  8635 MB/s
[    4.781678] raid6: sse2x4   gen() 15013 MB/s
[    4.849302] raid6: sse2x4   xor() 10538 MB/s
[    4.917115] raid6: avx2x1   gen() 18437 MB/s
[    4.985316] raid6: avx2x2   gen() 24175 MB/s
[    5.053638] raid6: avx2x4   gen() 27583 MB/s
[    5.055448] raid6: using algorithm avx2x4 gen() 27583 MB/s
[    5.057470] raid6: using avx2x2 recovery algorithm
[    5.060198] xor: automatically using best checksumming function:
[    5.101720]    avx       : 25071.000 MB/sec
[    5.104508] async_tx: api initialized (async)
[    5.114759] md: raid6 personality registered for level 6
[    5.116408] md: raid5 personality registered for level 5
[    5.119390] md: raid4 personality registered for level 4
[    5.125989] md: raid10 personality registered for level 10
done.
Begin: Running /scripts/init-premount ... done.
Begin: Mounting root file system ... Begin: Running /scripts/local-top ... done.
Begin: Running /scripts/local-premount ... [    5.158524] Btrfs loaded
Scanning for Btrfs filesystems
done.
Warning: fsck not present, so skipping root file system
[    5.192196] EXT4-fs (sda1): mounted filesystem with ordered data mode. Opts: (null)
done.
Begin: Running /scripts/local-bottom ... done.
Begin: Running /scripts/init-bottom ... done.
[    5.334350] systemd[1]: systemd 229 running in system mode. (+PAM +AUDIT +SELINUX +IMA +APPARMOR +SMACK +SYSVINIT +UTMP +LIBCRYPTSETUP +GCRYPT +GNUTLS +ACL +XZ -LZ4 +SECCOMP +BLKID +ELFUTILS +KMOD -IDN)
[    5.347737] systemd[1]: Detected virtualization oracle.
[    5.352572] systemd[1]: Detected architecture x86-64.

Welcome to [1mUbuntu 16.04.6 LTS[0m!

[    5.407570] systemd[1]: Set hostname to <ubuntu>.
[    5.417465] systemd[1]: Initializing machine ID from random generator.
[    5.420057] systemd[1]: Installed transient /etc/machine-id file.
[    5.620098] systemd[1]: Listening on /dev/initctl Compatibility Named Pipe.
[[0;32m  OK  [0m] Listening on /dev/initctl Compatibility Named Pipe.
[    5.624343] systemd[1]: Listening on Journal Audit Socket.
[[0;32m  OK  [0m] Listening on Journal Audit Socket.
[    5.628309] systemd[1]: Listening on LVM2 metadata daemon socket.
[[0;32m  OK  [0m] Listening on LVM2 metadata daemon socket.
[    5.635232] systemd[1]: Started Forward Password Requests to Wall Directory Watch.
[[0;32m  OK  [0m] Started Forward Password Requests to Wall Directory Watch.
[    5.643640] systemd[1]: Listening on udev Kernel Socket.
[[0;32m  OK  [0m] Listening on udev Kernel Socket.
[    5.646265] systemd[1]: Set up automount Arbitrary Executable File Formats File System Automount Point.
[[0;32m  OK  [0m] Set up automount Arbitrary Executab...ats File System Automount Point.
[    5.651705] systemd[1]: Listening on udev Control Socket.
[[0;32m  OK  [0m] Listening on udev Control Socket.
[    5.654977] systemd[1]: Listening on Journal Socket.
[[0;32m  OK  [0m] Listening on Journal Socket.
[    5.660422] systemd[1]: Listening on LVM2 poll daemon socket.
[[0;32m  OK  [0m] Listening on LVM2 poll daemon socket.
[    5.664867] systemd[1]: Reached target Encrypted Volumes.
[[0;32m  OK  [0m] Reached target Encrypted Volumes.
[    5.668166] systemd[1]: Reached target System Time Synchronized.
[[0;32m  OK  [0m] Reached target System Time Synchronized.
[    5.702752] systemd[1]: Started Trigger resolvconf update for networkd DNS.
[[0;32m  OK  [0m] Started Trigger resolvconf update for networkd DNS.
[    5.715717] systemd[1]: Created slice System Slice.
[[0;32m  OK  [0m] Created slice System Slice.
[    5.753729] systemd[1]: Starting Create list of required static device nodes for the current kernel...
         Starting Create list of required st... nodes for the current kernel...
[    5.765740] systemd[1]: Mounting Debug File System...
         Mounting Debug File System...
[    5.769869] systemd[1]: Mounting Huge Pages File System...
         Mounting Huge Pages File System...
[    5.781886] systemd[1]: Starting Nameserver information manager...
         Starting Nameserver information manager...
[    5.789765] systemd[1]: Starting Remount Root and Kernel File Systems...
         Starting Remount Root and Kernel File Systems...
[    5.795863] systemd[1]: Starting Uncomplicated firewall...
[    5.802637] EXT4-fs (sda1): re-mounted. Opts: (null)
         Starting Uncomplicated firewall...
[    5.807507] systemd[1]: Created slice system-serial\x2dgetty.slice.
[[0;32m  OK  [0m] Created slice system-serial\x2dgetty.slice.
[    5.811968] systemd[1]: Listening on Syslog Socket.
[[0;32m  OK  [0m] Listening on Syslog Socket.
[    5.819635] systemd[1]: Listening on Device-mapper event daemon FIFOs.
[[0;32m  OK  [0m] Listening on Device-mapper event daemon FIFOs.
[    5.824804] systemd[1]: Starting Set console keymap...
         Starting Set console keymap...
[    5.829808] systemd[1]: Created slice User and Session Slice.
[[0;32m  OK  [0m] Created slice User and Session Slice.
[    5.839498] systemd[1]: Reached target Slices.
[[0;32m  OK  [0m] Reached target Slices.
[    5.844719] systemd[1]: Reached target Swap.
[[0;32m  OK  [0m] Reached target Swap.
[    5.866186] systemd[1]: Starting Monitoring of LVM2 mirrors, snapshots etc. using dmeventd or progress polling...
         Starting Monitoring of LVM2 mirrors... dmeventd or progress polling...
[    5.881667] systemd[1]: Reached target User and Group Name Lookups.
[[0;32m  OK  [0m] Reached target User and Group Name Lookups.
[    5.887376] systemd[1]: Listening on Journal Socket (/dev/log).
[[0;32m  OK  [0m] Listening on Journal Socket (/dev/log).
[    5.900578] systemd[1]: Starting Load Kernel Modules...
         Starting Load Kernel Modules...
[    5.906781] systemd[1]: Starting Journal Service...
         Starting Journal Service...
[    5.917738] systemd[1]: Mounting POSIX Message Queue File System...
         Mounting POSIX Message Queue File System...
[    5.929090] Loading iSCSI transport class v2.0-870.
[    5.933905] systemd[1]: Mounted Huge Pages File System.
[[0;32m  OK  [0m] Mounted Huge Pages File System.
[    5.959609] systemd[1]: Mounted POSIX Message Queue File System.
[[0;32m  OK  [0m] Mounted POSIX Message Queue [    5.993382] random: nonblocking pool is initialized
File System.
[    6.010698] systemd[1]: Mounted Debug File System.
[    6.027568] iscsi: registered transport (tcp)
[[0;32m  OK  [0m] Mounted Debug File System.
[    6.033205] systemd[1]: Started Create list of required static device nodes for the current kernel.
[[0;32m  OK  [0m] Started Create list of required sta...ce nodes for the current kernel.
[    6.090320] systemd[1]: Started Remount Root and Kernel File Systems.
[[0;32m  OK  [0m] Started Remount Root and Kernel File Systems.
[    6.098831] systemd[1]: Started Uncomplicated firewall.
[[0;32m  OK  [0m] Started Uncomplicated firewall.
[    6.109918] iscsi: registered transport (iser)
[    6.110167] systemd[1]: Started Set console keymap.
[[0;32m  OK  [0m] Started Set console keymap.
[    6.121438] systemd[1]: Started Load Kernel Modules.
[[0;32m  OK  [0m] Started Load Kernel Modules.
[    6.137966] systemd[1]: Started Nameserver information manager.
[[0;32m  OK  [0m] Started Nameserver information manager.
[    6.160163] systemd[1]: Started Journal Service.
[[0;32m  OK  [0m] Started Journal Service.
[[0;32m  OK  [0m] Started LVM2 metadata daemon.
         Starting Apply Kernel Variables...
         Mounting FUSE Control File System...
         Starting Flush Journal to Persistent Storage...
         Starting udev Coldplug all Devices...
         Starting Load/Save Random Seed...
         Starting Create Static Device Nodes in /dev...
[[0;32m  OK  [0m] Mounted FUSE Control File System.
[[0;32m  OK  [0m] Started Apply Kernel Variables.
[[0;32m  OK  [0m] Started Load/Save Random Seed.
[[0;32m  OK  [0m] Started Create Static Device Nodes in /dev.
         Starting udev Kernel Device Manager...
[[0;32m  OK  [0m] Started Flush Journal to Persistent Storage.
[[0;32m  OK  [0m] Started udev Coldplug all Devices.
[[0;32m  OK  [0m] Started udev Kernel Device Manager.
[[0;32m  OK  [0m] Started Dispatch Password Requests to Console Directory Watch.
[[0;32m  OK  [0m] Started Monitoring of LVM2 mirrors,...ng dmeventd or progress polling.
[[0;32m  OK  [0m] Reached target Local File Systems (Pre).
[[0;32m  OK  [0m] Reached target Local File Systems.
         Starting Set console font and keymap...
         Starting LSB: AppArmor initialization...
         Starting Create Volatile Files and Directories...
         Starting Initial cloud-init job (pre-networking)...
         Starting Tell Plymouth To Write Out Runtime Data...
         Starting Commit a transient machine-id on disk...
[[0;32m  OK  [0m] Started Create Volatile Files and Directories.
         Starting Update UTMP about System Boot/Shutdown...
[[0;32m  OK  [0m] Started Tell Plymouth To Write Out Runtime Data.
[[0;32m  OK  [0m] Started Commit a transient machine-id on disk.
[[0;32m  OK  [0m] Started Update UTMP about System Boot/Shutdown.
[[0;32m  OK  [0m] Found device /dev/ttyS0.
[[0;32m  OK  [0m] Listening on Load/Save RF Kill Switch Status /dev/rfkill Watch.
[    7.768162] cloud-init[488]: Cloud-init v. 20.2-45-g5f7825e2-0ubuntu1~16.04.1 running 'init-local' at Thu, 30 Jul 2020 13:47:04 +0000. Up 7.22 seconds.
[[0;32m  OK  [0m] Started LSB: AppArmor initialization.
[[0;32m  OK  [0m] Started Initial cloud-init job (pre-networking).
[[0;32m  OK  [0m] Reached target Network (Pre).
         Starting Load AppArmor profiles managed internally by snapd...
         Starting Raise network interfaces...
[[0;32m  OK  [0m] Started Load AppArmor profiles managed internally by snapd.
[[0;32m  OK  [0m] Started Set console font and keymap.
[[0;32m  OK  [0m] Created slice system-getty.slice.
[[0;32m  OK  [0m] Started Raise network interfaces.
[[0;32m  OK  [0m] Reached target Network.
         Starting Initial cloud-init job (metadata service crawler)...
[    9.145959] cloud-init[967]: Cloud-init v. 20.2-45-g5f7825e2-0ubuntu1~16.04.1 running 'init' at Thu, 30 Jul 2020 13:47:06 +0000. Up 8.60 seconds.
[    9.156726] cloud-init[967]: ci-info: ++++++++++++++++++++++++++++++++++++++Net device info+++++++++++++++++++++++++++++++++++++++
[    9.164849] cloud-init[967]: ci-info: +--------+-------+----------------------------+---------------+--------+-------------------+
[    9.166251] cloud-init[967]: ci-info: | Device |   Up  |          Address           |      Mask     | Scope  |     Hw-Address    |
[    9.167692] cloud-init[967]: ci-info: +--------+-------+----------------------------+---------------+--------+-------------------+
[    9.169932] cloud-init[967]: ci-info: | enp0s3 |  True |         10.0.2.15          | 255.255.255.0 | global | 02:81:88:50:25:98 |
[    9.172252] cloud-init[967]: ci-info: | enp0s3 |  True | fe80::81:88ff:fe50:2598/64 |       .       |  link  | 02:81:88:50:25:98 |
[    9.174881] cloud-init[967]: ci-info: | enp0s8 | False |             .              |       .       |   .    | 08:00:27:c1:69:11 |
[    9.177608] cloud-init[967]: ci-info: |   lo   |  True |         127.0.0.1          |   255.0.0.0   |  host  |         .         |
[    9.180563] cloud-init[967]: ci-info: |   lo   |  True |          ::1/128           |       .       |  host  |         .         |
[    9.182474] cloud-init[967]: ci-info: +--------+-------+----------------------------+---------------+--------+-------------------+
[    9.185573] cloud-init[967]: ci-info: +++++++++++++++++++++++++++Route IPv4 info++++++++++++++++++++++++++++
[    9.189200] cloud-init[967]: ci-info: +-------+-------------+----------+---------------+-----------+-------+
[    9.191932] cloud-init[967]: ci-info: | Route | Destination | Gateway  |    Genmask    | Interface | Flags |
[    9.194793] cloud-init[967]: ci-info: +-------+-------------+----------+---------------+-----------+-------+
[    9.197226] cloud-init[967]: ci-info: |   0   |   0.0.0.0   | 10.0.2.2 |    0.0.0.0    |   enp0s3  |   UG  |
[    9.200177] cloud-init[967]: ci-info: |   1   |   10.0.2.0  | 0.0.0.0  | 255.255.255.0 |   enp0s3  |   U   |
[    9.202022] cloud-init[967]: ci-info: +-------+-------------+----------+---------------+-----------+-------+
[    9.203872] cloud-init[967]: ci-info: +++++++++++++++++++Route IPv6 info+++++++++++++++++++
[    9.204832] cloud-init[967]: ci-info: +-------+-------------+---------+-----------+-------+
[    9.206244] cloud-init[967]: ci-info: | Route | Destination | Gateway | Interface | Flags |
[    9.207528] cloud-init[967]: ci-info: +-------+-------------+---------+-----------+-------+
[    9.216913] cloud-init[967]: ci-info: |   0   |  fe80::/64  |    ::   |   enp0s3  |   U   |
[    9.219630] cloud-init[967]: ci-info: |   3   |   ff00::/8  |    ::   |   enp0s3  |   U   |
[[0;32m  OK  [0m] Started Initial cloud-init job (metadata service crawler).
[[0;32m  OK  [0m] Reached target System Initialization.
[    9.221305] cloud-init[967]: ci-info: +-------+-------------+---------+-----------+-------+
[[0;32m  OK  [0m] Started ACPI Events Check.
[[0;32m  OK  [0m] Reached target Paths.
[[0;32m  OK  [0m] Started Daily apt download activities.
[[0;32m  OK  [0m] Listening on D-Bus System Message Bus Socket.
[[0;32m  OK  [0m] Started Daily apt upgrade and clean activities.
[    9.226119] cloud-init[967]: Generating public/private rsa key pair.
[    9.234110]          Starting LXD - unix socket.
[[0;32m  OK  [0m] Started Daily Cleanup of Temporary Directories.
cloud-init[967]: Your identification has been saved in /etc/ssh/ssh_host_rsa_key.
[    9.238723] cloud-init[967]: Your public key has been saved in /etc/ssh/ssh_host_rsa_key.pub.
         Starting Socket activation for snappy daemon.
[[0;32m  OK  [0m] Listening on UUID daemon activation socket.
[[0;32m  OK  [0m] Started Message of the Day.
[[0;32m  OK  [0m] Reached target Timers.
[[0;32m  OK  [0m] Listening on ACPID Listen Socket.
[[0;32m  OK  [0m] Reached target Cloud-config availability.
[[0;32m  OK  [0m] Reached target Network is Online.
[    9.239384] cloud-init[967]: The key fingerprint is:
[    9.246967] cloud-init[967]: SHA256:2banRLn/AVyyeSE2oEqwHhF6ZlNLJ/rVhkuxyjVv+Rg root@ubuntu-xenial
[    9.249265] cloud-init[967]: The key's randomart image is:
[    9.256843] cloud-init[967]: +---[RSA 2048]----+
[    9.259128] cloud-init[967]: |    +.+ o .      |
[    9.261335] cloud-init[967]: |   . B + * .     |
         Starting iSCSI initiator daemon (iscsid)...
[[0;32m  OK  [0m] Listening on LXD - unix socket.
[[0;32m  OK  [0m] Listening on Socket activation for snappy daemon.
[[0;32m  OK  [0m] Reached target Sockets.
[[0;32m  OK  [0m] Reached target Basic System.
[[0;32m  OK  [0m] Started FUSE filesystem for LXC.
         Starting System Logging Service...
[[0;32m  OK  [0m] Started D-Bus System Message Bus.
[    9.263912] cloud-init[967]: |  . O o O o = o  |
[    9.282546] cloud-init[967]: |   = * * B = B . |
[    9.292421] cloud-init[967]: |    . = S E = .  |
[    9.293429] cloud-init[967]: |         + * o   |
[    9.294967] cloud-init[967]: |          = o .  |
[    9.296814] cloud-init[967]: |         . +   . |
[    9.300349] cloud-init[967]: |          . ...  |
[    9.301875] cloud-init[967]: +----[SHA256]-----+
[    9.303118] cloud-init[967]: Generating public/private dsa key pair.
[    9.305168] cloud-init[967]: Your identification has been saved in /etc/ssh/ssh_host_dsa_key.
[    9.308932] cloud-init[967]: Your public key has been saved in /etc/ssh/ssh_host_dsa_key.pub.
[    9.311975] cloud-init[967]: The key fingerprint is:
[[0;32m  OK  [0m] Started Deferred execution scheduler.
[    9.323400] cloud-init         Starting Virtualbox guest utils...
[967]: SHA256:26CrQ/HA6kI7SgWPEpY8CRRGnKn//KnE2F1YQDxk+t0 root@ubuntu-xenial
[    9.328206]          Starting Snap Daemon...
cloud-init[967]: The key's randomart image is:         Starting Login Service...

         Starting /etc/rc.local Compatibility...
         Starting LXD - container startup/shutdown...
         Starting Accounts Service...
         Starting Pollinate to seed the pseudo random number generator...
         Starting LSB: MD monitoring daemon...
[[0;32m  OK  [0m] Started Regular background program processing daemon.
         Starting LSB: Record successful boot for GRUB...
[[0;32m  OK  [0m] Started ACPI event daemon.
[[0;32m  OK  [0m] Started System Logging Service.
[[0;32m  OK  [0m] Started /etc/rc.local Compatibility.
[[0;32m  OK  [0m] Started iSCSI initiator daemon (iscsid).
[    9.332010] cloud-init[967]: +---[DSA 1024]----+
         Starting Login to default iSCSI targets...
[[0;32m  OK  [0m] Started Login Service.
[[0;32m  OK  [0m] Started Unattended Upgrades Shutdown.
[    9.398557] cloud-init[967]: |==+  +=          |
[    9.412373] cloud-init[967]: |++o  oo.         |
[    9.421089] cloud-init[967]: |oB ..  ..        |
[    9.429200] cloud-init[967]: |o.= +. + .       |
[    9.431828] cloud-init[967]: |.o + +o S E      |
[[0;32m  OK  [0m] Started Login to default iSCSI targets.
[    9.451799] [[0;32m  OK  [0m] Reached target Remote File Systems (Pre).
[[0;32m  OK  [0m] Reached target Remote File Systems.
cloud-init[967]: |..++...o +       |
         Starting LSB: daemon to balance interrupts for SMP systems...
         Starting LSB: automatic crash report generation...
         Starting Permit User Sessions...
         Starting LSB: Set the CPU Frequency Scaling governor to "ondemand"...
[[0;32m  OK  [0m] Started Permit User Sessions.
         Starting Hold until boot process finishes up...
         Starting Terminate Plymouth Boot Screen...
[[0;32m  OK  [0m] Started Hold until boot process finishes up.
[[0;32m  OK  [0m] Started LSB: MD monitoring daemon.
         Starting Authenticate and Authorize Users to Run Privileged Tasks...
         Starting Set console scheme...
[[0;32m  OK  [0m] Started Getty on tty1.
[[0;32m  OK  [0m] Started Serial Getty on ttyS0.
[[0;32m  OK  [0m] Reached target Login Prompts.
[[0;32m  OK  [0m] Started LSB: Record successful boot for GRUB.
[[0;32m  OK  [0m] Started Terminate Plymouth Boot Screen.
[[0;32m  OK  [0m] Started Set console scheme.
[    9.503149] cloud-init[967]: |.oo++ o . .      |
[    9.539723] cloud-init[967]: |oo..+  o         |
[    9.542252] cloud-init[967]: |o.. o=+          |
[    9.555621] cloud-init[967]: +----[SHA256]-----+
[    9.564541] cloud-init[967]: Generating public/private ecdsa key pair.
[    9.568445] cloud-init[967]: Your identification has been saved in /etc/ssh/ssh_host_ecdsa_key.
[    9.572090] [[0;32m  OK  [0m] Started LSB: Set the CPU Frequency Scaling governor to "ondemand".
cloud-init[967]: Your public key has been saved in /etc/ssh/ssh_host_ecdsa_key.pub.[[0;32m  OK  [0m] Started LSB: automatic crash report generation.

[[0;32m  OK  [0m] Started Authenticate and Authorize Users to Run Privileged Tasks.
[[0;32m  OK  [0m] Started Accounts Service.
[    9.595149] [[0;32m  OK  [0m] Started LXD - container startup/shutdown.
cloud-init[967]: The key fingerprint is:
[[0;32m  OK  [0m] Started LSB: daemon to balance interrupts for SMP systems.
[    9.613217] cloud-init[967]: SHA256:C56XzGBMW2Yu+J6s2aAFSoQcmfKDGj2hlXK8i1j4KAA root@ubuntu-xenial
[    9.616877] cloud-init[967]: The key's randomart image is:
[    9.626911] cloud-init[967]: +---[ECDSA 256]---+
[    9.631927] cloud-init[967]: | oo.             |
[    9.634095] cloud-init[967]: |EoB              |
[    9.635627] cloud-init[967]: |+% o  . +        |
[    9.637634] cloud-init[967]: |B B  + *         |
[    9.640389] cloud-init[967]: |+B.+. B S        |
[    9.642651] cloud-init[967]: |B.o. + B o       |
[    9.646169] cloud-init[967]: |o   o + *        |
[    9.653110] cloud-init[967]: |   o * o         |
[[0;32m  OK  [0m] Started Virtualbox guest utils.
[    9.656723] cloud-init[967]: |  . o.=          |
[    9.679779] cloud-init[967]: +----[SHA256]-----+
[    9.685564] cloud-init[967]: Generating public/private ed25519 key pair.
[    9.688599] cloud-init[967]: Your identification has been saved in /etc/ssh/ssh_host_ed25519_key.
[    9.696439] cloud-init[967]: Your public key has been saved in /etc/ssh/ssh_host_ed25519_key.pub.
[    9.698612] cloud-init[967]: The key fingerprint is:
[    9.699668] cloud-init[967]: SHA256:ly7byuUM0DXW1TfNUE7ugwiq/oFmKavb5PWO5HpA+yQ root@ubuntu-xenial
[    9.701620] cloud-init[967]: The key's randomart image is:
[    9.702598] cloud-init[967]: +--[ED25519 256]--+
[    9.704514] cloud-init[967]: |              o=+|
[    9.706229] cloud-init[967]: |           . . ==|
[    9.708320] cloud-init[967]: |         .+ .   =|
[    9.712277] cloud-init[967]: |   .   ..o.o. .. |
[    9.714449] cloud-init[967]: |  . . ..S o. . ..|
[    9.718760] cloud-init[967]: |   E .+. o      .|
[    9.728641] cloud-init[967]: |   o=O .o o      |
[    9.749175] cloud-init[967]: |  + Xoo..O       |
[    9.753221] cloud-init[967]: | oo=o+o++.+      |
[    9.756936] cloud-init[967]: +----[SHA256]-----+
[[0;32m  OK  [0m] Started Snap Daemon.
         Starting Wait until snapd is fully seeded...
[[0;32m  OK  [0m] Started Pollinate to seed the pseudo random number generator.
         Starting OpenBSD Secure Shell server...
[[0;32m  OK  [0m] Started OpenBSD Secure Shell server.
[[0;32m  OK  [0m] Started Wait until snapd is fully seeded.
         Starting Apply the settings specified in cloud-config...
[[0;32m  OK  [0m] Reached target Multi-User System.
[[0;32m  OK  [0m] Reached target Graphical Interface.
         Starting Update UTMP about System Runlevel Changes...
[[0;32m  OK  [0m] Started Update UTMP about System Runlevel Changes.
[   10.825895] cloud-init[1324]: Generating locales (this might take a while)...
[   11.637522] cloud-init[1324]:   en_US.UTF-8... done
[   11.638693] cloud-init[1324]: Generation complete.
[[0;32m  OK  [0m] Created slice User Slice of vagrant.
         Starting User Manager for UID 1000...
[[0;32m  OK  [0m] Started Session 1 of user vagrant.
[[0;32m  OK  [0m] Started User Manager for UID 1000.
[   11.987654] cloud-init[1324]: Cloud-init v. 20.2-45-g5f7825e2-0ubuntu1~16.04.1 running 'modules:config' at Thu, 30 Jul 2020 13:47:08 +0000. Up 10.71 seconds.
[[0;32m  OK  [0m] Started Apply the settings specified in cloud-config.
         Starting Execute cloud user/final scripts...
ci-info: no authorized SSH keys fingerprints found for user ubuntu.
<14>Jul 30 13:47:10 ec2: 
<14>Jul 30 13:47:10 ec2: #############################################################
<14>Jul 30 13:47:10 ec2: -----BEGIN SSH HOST KEY FINGERPRINTS-----
<14>Jul 30 13:47:10 ec2: 1024 SHA256:26CrQ/HA6kI7SgWPEpY8CRRGnKn//KnE2F1YQDxk+t0 root@ubuntu-xenial (DSA)
<14>Jul 30 13:47:10 ec2: 256 SHA256:C56XzGBMW2Yu+J6s2aAFSoQcmfKDGj2hlXK8i1j4KAA root@ubuntu-xenial (ECDSA)
<14>Jul 30 13:47:10 ec2: 256 SHA256:ly7byuUM0DXW1TfNUE7ugwiq/oFmKavb5PWO5HpA+yQ root@ubuntu-xenial (ED25519)
<14>Jul 30 13:47:10 ec2: 2048 SHA256:2banRLn/AVyyeSE2oEqwHhF6ZlNLJ/rVhkuxyjVv+Rg root@ubuntu-xenial (RSA)
<14>Jul 30 13:47:10 ec2: -----END SSH HOST KEY FINGERPRINTS-----
<14>Jul 30 13:47:10 ec2: #############################################################
-----BEGIN SSH HOST KEY KEYS-----
ecdsa-sha2-nistp256 AAAAE2VjZHNhLXNoYTItbmlzdHAyNTYAAAAIbmlzdHAyNTYAAABBBMHi4rMHBA7R6KpNqSfldCMScnk4SPDOP578JF3DLESmG6NpSkEz5fcXXmBKWpk3536uJmIKUfUISkSQ3XF+w+8= root@ubuntu-xenial
ssh-ed25519 AAAAC3NzaC1lZDI1NTE5AAAAIA96AgEKk7jUjiYOStn4MgIkeRn9MEAene2JqfwfQ99y root@ubuntu-xenial
ssh-rsa AAAAB3NzaC1yc2EAAAADAQABAAABAQDHVpf8ktGK2/QV2tRjV5O49BCwO5zYW6Z4fm5HRXPZvpFdbdaDXyQcp4wPqNKAJLe+vVkbJWFMg2MxC7Z2p5vfTzAPgFceGsJMSR4nrJ4+32DU8zD5sy0agRNMCuHfSJfLgnJAc5KdWXveA2VMTb4pA2TBEG5X8vQLcRcOTV9LRLB/+uYnF5hXPlM+6hqvKZO9Z1V9ie61rKZPEsQmnH/Pt7OGLmApLG5r2F5MJT+F1LQVFQ5ozX+1oHTGQbaxgakJ5b60ah3V//LyPm+C3K1pzYPJpp0fy2N/hKt159giFueHEhyn4Fj7oJFCaZ1ibpG9ykC/UCUxLWv9vNjb4ErR root@ubuntu-xenial
-----END SSH HOST KEY KEYS-----
[   12.841124] cloud-init[1430]: Cloud-init v. 20.2-45-g5f7825e2-0ubuntu1~16.04.1 running 'modules:final' at Thu, 30 Jul 2020 13:47:10 +0000. Up 12.64 seconds.
[   12.847486] cloud-init[1430]: ci-info: no authorized SSH keys fingerprints found for user ubuntu.
[   12.849429] cloud-init[1430]: Cloud-init v. 20.2-45-g5f7825e2-0ubuntu1~16.04.1 finished at Thu, 30 Jul 2020 13:47:10 +0000. Datasource DataSourceNoCloud [seed=/dev/sdb][dsmode=net].  Up 12.82 seconds
[[0;32m  OK  [0m] Started Execute cloud user/final scripts.
[[0;32m  OK  [0m] Reached target Cloud-init target.

Ubuntu 16.04.6 LTS ubuntu-xenial ttyS0

ubuntu-xenial login: 