[    0.000000] Initializing cgroup subsys cpuset
[    0.000000] Initializing cgroup subsys cpu
[    0.000000] Initializing cgroup subsys cpuacct
[    0.000000] Linux version 4.4.0-186-generic (buildd@lcy01-amd64-002) (gcc version 5.4.0 20160609 (Ubuntu 5.4.0-6ubuntu1~16.04.12) ) #216-Ubuntu SMP Wed Jul 1 05:34:05 UTC 2020 (Ubuntu 4.4.0-186.216-generic 4.4.228)
[    0.000000] Command line: BOOT_IMAGE=/boot/vmlinuz-4.4.0-186-generic root=LABEL=cloudimg-rootfs ro console=tty1 console=ttyS0
[    0.000000] KERNEL supported cpus:
[    0.000000]   Intel GenuineIntel
[    0.000000]   AMD AuthenticAMD
[    0.000000]   Centaur CentaurHauls
[    0.000000] x86/fpu: xstate_offset[2]:  576, xstate_sizes[2]:  256
[    0.000000] x86/fpu: Supporting XSAVE feature 0x01: 'x87 floating point registers'
[    0.000000] x86/fpu: Supporting XSAVE feature 0x02: 'SSE registers'
[    0.000000] x86/fpu: Supporting XSAVE feature 0x04: 'AVX registers'
[    0.000000] x86/fpu: Enabled xstate features 0x7, context size is 832 bytes, using 'standard' format.
[    0.000000] e820: BIOS-provided physical RAM map:
[    0.000000] BIOS-e820: [mem 0x0000000000000000-0x000000000009fbff] usable
[    0.000000] BIOS-e820: [mem 0x000000000009fc00-0x000000000009ffff] reserved
[    0.000000] BIOS-e820: [mem 0x00000000000f0000-0x00000000000fffff] reserved
[    0.000000] BIOS-e820: [mem 0x0000000000100000-0x000000003ffeffff] usable
[    0.000000] BIOS-e820: [mem 0x000000003fff0000-0x000000003fffffff] ACPI data
[    0.000000] BIOS-e820: [mem 0x00000000fec00000-0x00000000fec00fff] reserved
[    0.000000] BIOS-e820: [mem 0x00000000fee00000-0x00000000fee00fff] reserved
[    0.000000] BIOS-e820: [mem 0x00000000fffc0000-0x00000000ffffffff] reserved
[    0.000000] NX (Execute Disable) protection: active
[    0.000000] SMBIOS 2.5 present.
[    0.000000] Hypervisor detected: KVM
[    0.000000] e820: last_pfn = 0x3fff0 max_arch_pfn = 0x400000000
[    0.000000] MTRR: Disabled
[    0.000000] x86/PAT: MTRRs disabled, skipping PAT initialization too.
[    0.000000] CPU MTRRs all blank - virtualized system.
[    0.000000] x86/PAT: Configuration [0-7]: WB  WT  UC- UC  WB  WT  UC- UC  
[    0.000000] found SMP MP-table at [mem 0x0009fff0-0x0009ffff] mapped at [ffff88000009fff0]
[    0.000000] Scanning 1 areas for low memory corruption
[    0.000000] RAMDISK: [mem 0x362de000-0x37166fff]
[    0.000000] ACPI: Early table checksum verification disabled
[    0.000000] ACPI: RSDP 0x00000000000E0000 000024 (v02 VBOX  )
[    0.000000] ACPI: XSDT 0x000000003FFF0030 00003C (v01 VBOX   VBOXXSDT 00000001 ASL  00000061)
[    0.000000] ACPI: FACP 0x000000003FFF00F0 0000F4 (v04 VBOX   VBOXFACP 00000001 ASL  00000061)
[    0.000000] ACPI: DSDT 0x000000003FFF0470 002325 (v02 VBOX   VBOXBIOS 00000002 INTL 20100528)
[    0.000000] ACPI: FACS 0x000000003FFF0200 000040
[    0.000000] ACPI: FACS 0x000000003FFF0200 000040
[    0.000000] ACPI: APIC 0x000000003FFF0240 00005C (v02 VBOX   VBOXAPIC 00000001 ASL  00000061)
[    0.000000] ACPI: SSDT 0x000000003FFF02A0 0001CC (v01 VBOX   VBOXCPUT 00000002 INTL 20100528)
[    0.000000] No NUMA configuration found
[    0.000000] Faking a node at [mem 0x0000000000000000-0x000000003ffeffff]
[    0.000000] NODE_DATA(0) allocated [mem 0x3ffeb000-0x3ffeffff]
[    0.000000] kvm-clock: Using msrs 4b564d01 and 4b564d00
[    0.000000] kvm-clock: cpu 0, msr 0:3ffe3001, primary cpu clock
[    0.000000] kvm-clock: using sched offset of 3872415439 cycles
[    0.000000] clocksource: kvm-clock: mask: 0xffffffffffffffff max_cycles: 0x1cd42e4dffb, max_idle_ns: 881590591483 ns
[    0.000000] Zone ranges:
[    0.000000]   DMA      [mem 0x0000000000001000-0x0000000000ffffff]
[    0.000000]   DMA32    [mem 0x0000000001000000-0x000000003ffeffff]
[    0.000000]   Normal   empty
[    0.000000]   Device   empty
[    0.000000] Movable zone start for each node
[    0.000000] Early memory node ranges
[    0.000000]   node   0: [mem 0x0000000000001000-0x000000000009efff]
[    0.000000]   node   0: [mem 0x0000000000100000-0x000000003ffeffff]
[    0.000000] Initmem setup node 0 [mem 0x0000000000001000-0x000000003ffeffff]
[    0.000000] ACPI: PM-Timer IO Port: 0x4008
[    0.000000] IOAPIC[0]: apic_id 2, version 32, address 0xfec00000, GSI 0-23
[    0.000000] ACPI: INT_SRC_OVR (bus 0 bus_irq 0 global_irq 2 dfl dfl)
[    0.000000] ACPI: INT_SRC_OVR (bus 0 bus_irq 9 global_irq 9 low level)
[    0.000000] Using ACPI (MADT) for SMP configuration information
[    0.000000] smpboot: Allowing 2 CPUs, 0 hotplug CPUs
[    0.000000] PM: Registered nosave memory: [mem 0x00000000-0x00000fff]
[    0.000000] PM: Registered nosave memory: [mem 0x0009f000-0x0009ffff]
[    0.000000] PM: Registered nosave memory: [mem 0x000a0000-0x000effff]
[    0.000000] PM: Registered nosave memory: [mem 0x000f0000-0x000fffff]
[    0.000000] e820: [mem 0x40000000-0xfebfffff] available for PCI devices
[    0.000000] Booting paravirtualized kernel on KVM
[    0.000000] clocksource: refined-jiffies: mask: 0xffffffff max_cycles: 0xffffffff, max_idle_ns: 7645519600211568 ns
[    0.000000] setup_percpu: NR_CPUS:512 nr_cpumask_bits:512 nr_cpu_ids:2 nr_node_ids:1
[    0.000000] PERCPU: Embedded 33 pages/cpu @ffff88003fc00000 s95512 r8192 d31464 u1048576
[    0.000000] Built 1 zonelists in Node order, mobility grouping on.  Total pages: 257912
[    0.000000] Policy zone: DMA32
[    0.000000] Kernel command line: BOOT_IMAGE=/boot/vmlinuz-4.4.0-186-generic root=LABEL=cloudimg-rootfs ro console=tty1 console=ttyS0
[    0.000000] PID hash table entries: 4096 (order: 3, 32768 bytes)
[    0.000000] Memory: 997660K/1048120K available (8636K kernel code, 1337K rwdata, 4040K rodata, 1492K init, 1296K bss, 50460K reserved, 0K cma-reserved)
[    0.000000] SLUB: HWalign=64, Order=0-3, MinObjects=0, CPUs=2, Nodes=1
[    0.000000] Kernel/User page tables isolation: enabled
[    0.000000] Hierarchical RCU implementation.
[    0.000000] 	Build-time adjustment of leaf fanout to 64.
[    0.000000] 	RCU restricting CPUs from NR_CPUS=512 to nr_cpu_ids=2.
[    0.000000] RCU: Adjusting geometry for rcu_fanout_leaf=64, nr_cpu_ids=2
[    0.000000] NR_IRQS:33024 nr_irqs:440 16
[    0.000000] Console: colour VGA+ 80x25
[    0.000000] console [tty1] enabled
[    0.000000] console [ttyS0] enabled
[    0.000000] tsc: Detected 2303.998 MHz processor
[    0.215860] Calibrating delay loop (skipped) preset value.. 4607.99 BogoMIPS (lpj=9215992)
[    0.218203] pid_max: default: 32768 minimum: 301
[    0.219364] ACPI: Core revision 20150930
[    0.221449] ACPI: 2 ACPI AML tables successfully acquired and loaded
[    0.223578] Security Framework initialized
[    0.224937] Yama: becoming mindful.
[    0.226537] AppArmor: AppArmor initialized
[    0.228738] Dentry cache hash table entries: 131072 (order: 8, 1048576 bytes)
[    0.233142] Inode-cache hash table entries: 65536 (order: 7, 524288 bytes)
[    0.237948] Mount-cache hash table entries: 2048 (order: 2, 16384 bytes)
[    0.241196] Mountpoint-cache hash table entries: 2048 (order: 2, 16384 bytes)
[    0.243624] Initializing cgroup subsys io
[    0.245156] Initializing cgroup subsys memory
[    0.247022] Initializing cgroup subsys devices
[    0.248531] Initializing cgroup subsys freezer
[    0.249842] Initializing cgroup subsys net_cls
[    0.251704] Initializing cgroup subsys perf_event
[    0.253065] Initializing cgroup subsys net_prio
[    0.256279] Initializing cgroup subsys hugetlb
[    0.257858] Initializing cgroup subsys pids
[    0.260715] mce: CPU supports 0 MCE banks
[    0.262584] Last level iTLB entries: 4KB 64, 2MB 8, 4MB 8
[    0.263935] Last level dTLB entries: 4KB 64, 2MB 0, 4MB 0, 1GB 4
[    0.265574] Spectre V1 : Mitigation: usercopy/swapgs barriers and __user pointer sanitization
[    0.267665] Spectre V2 : Mitigation: Full generic retpoline
[    0.268936] Spectre V2 : Spectre v2 / SpectreRSB mitigation: Filling RSB on context switch
[    0.271454] Speculative Store Bypass: Vulnerable
[    0.272472] SRBDS: Unknown: Dependent on hypervisor status
[    0.273716] MDS: Mitigation: Clear CPU buffers
[    0.277495] Freeing SMP alternatives memory: 36K
[    0.284765] ftrace: allocating 32334 entries in 127 pages
[    0.344294] smpboot: APIC(0) Converting physical 0 to logical package 0
[    0.346224] smpboot: Max logical packages: 1
[    0.347993] x2apic enabled
[    0.349191] Switched APIC routing to physical x2apic.
[    0.351784] ..TIMER: vector=0x30 apic1=0 pin1=2 apic2=-1 pin2=-1
[    0.461642] smpboot: CPU0: Intel(R) Core(TM) i5-7360U CPU @ 2.30GHz (family: 0x6, model: 0x8e, stepping: 0x9)
[    0.464748] Performance Events: unsupported p6 CPU model 142 no PMU driver, software events only.
[    0.476758] KVM setup paravirtual spinlock
[    0.478649] x86: Booting SMP configuration:
[    0.479964] .... node  #0, CPUs:      #1
[    0.482021] kvm-clock: cpu 1, msr 0:3ffe3041, secondary cpu clock
[    0.484252] mce: CPU supports 0 MCE banks
[    0.486958] x86: Booted up 1 node, 2 CPUs
[    0.488481] smpboot: Total of 2 processors activated (9215.99 BogoMIPS)
[    0.490312] devtmpfs: initialized
[    0.493071] evm: security.selinux
[    0.494249] evm: security.SMACK64
[    0.495505] evm: security.SMACK64EXEC
[    0.496750] evm: security.SMACK64TRANSMUTE
[    0.498125] evm: security.SMACK64MMAP
[    0.499616] evm: security.ima
[    0.500649] evm: security.capability
[    0.501733] clocksource: jiffies: mask: 0xffffffff max_cycles: 0xffffffff, max_idle_ns: 7645041785100000 ns
[    0.503956] futex hash table entries: 512 (order: 3, 32768 bytes)
[    0.505328] pinctrl core: initialized pinctrl subsystem
[    0.506632] RTC time: 18:15:19, date: 08/02/20
[    0.508088] NET: Registered protocol family 16
[    0.518212] cpuidle: using governor ladder
[    0.530521] cpuidle: using governor menu
[    0.532176] PCCT header not found.
[    0.533173] ACPI: bus type PCI registered
[    0.534389] acpiphp: ACPI Hot Plug PCI Controller Driver version: 0.5
[    0.539441] PCI: Using configuration type 1 for base access
[    0.555281] ACPI: Added _OSI(Module Device)
[    0.557247] ACPI: Added _OSI(Processor Device)
[    0.559160] ACPI: Added _OSI(3.0 _SCP Extensions)
[    0.560837] ACPI: Added _OSI(Processor Aggregator Device)
[    0.562818] ACPI: Executed 1 blocks of module-level executable AML code
[    0.566508] ACPI: Interpreter enabled
[    0.567747] ACPI: (supports S0 S5)
[    0.568590] ACPI: Using IOAPIC for interrupt routing
[    0.569922] PCI: Using host bridge windows from ACPI; if necessary, use "pci=nocrs" and report a bug
[    0.576290] ACPI: PCI Root Bridge [PCI0] (domain 0000 [bus 00-ff])
[    0.578225] acpi PNP0A03:00: _OSC: OS supports [ASPM ClockPM Segments MSI]
[    0.580132] acpi PNP0A03:00: _OSC: not requesting OS control; OS requires [ExtendedConfig ASPM ClockPM MSI]
[    0.583004] acpi PNP0A03:00: fail to add MMCONFIG information, can't access extended PCI configuration space under this bridge.
[    0.586217] PCI host bridge to bus 0000:00
[    0.587360] pci_bus 0000:00: root bus resource [io  0x0000-0x0cf7 window]
[    0.589075] pci_bus 0000:00: root bus resource [io  0x0d00-0xffff window]
[    0.590529] pci_bus 0000:00: root bus resource [mem 0x000a0000-0x000bffff window]
[    0.592552] pci_bus 0000:00: root bus resource [mem 0x40000000-0xfdffffff window]
[    0.594711] pci_bus 0000:00: root bus resource [bus 00-ff]
[    0.599187] pci 0000:00:01.1: legacy IDE quirk: reg 0x10: [io  0x01f0-0x01f7]
[    0.602592] pci 0000:00:01.1: legacy IDE quirk: reg 0x14: [io  0x03f6]
[    0.605394] pci 0000:00:01.1: legacy IDE quirk: reg 0x18: [io  0x0170-0x0177]
[    0.618449] pci 0000:00:01.1: legacy IDE quirk: reg 0x1c: [io  0x0376]
[    0.638046] pci 0000:00:07.0: quirk: [io  0x4000-0x403f] claimed by PIIX4 ACPI
[    0.640991] pci 0000:00:07.0: quirk: [io  0x4100-0x410f] claimed by PIIX4 SMB
[    0.651396] ACPI: PCI Interrupt Link [LNKA] (IRQs 5 9 10 *11)
[    0.653446] ACPI: PCI Interrupt Link [LNKB] (IRQs 5 9 *10 11)
[    0.657714] ACPI: PCI Interrupt Link [LNKC] (IRQs 5 *9 10 11)
[    0.660772] ACPI: PCI Interrupt Link [LNKD] (IRQs 5 9 10 *11)
[    0.663388] ACPI: Enabled 2 GPEs in block 00 to 07
[    0.665073] vgaarb: setting as boot device: PCI:0000:00:02.0
[    0.666690] vgaarb: device added: PCI:0000:00:02.0,decodes=io+mem,owns=io+mem,locks=none
[    0.668964] vgaarb: loaded
[    0.670209] vgaarb: bridge control possible 0000:00:02.0
[    0.672042] SCSI subsystem initialized
[    0.672999] ACPI: bus type USB registered
[    0.673970] usbcore: registered new interface driver usbfs
[    0.675856] usbcore: registered new interface driver hub
[    0.677460] usbcore: registered new device driver usb
[    0.679315] PCI: Using ACPI for IRQ routing
[    0.682750] NetLabel: Initializing
[    0.684358] NetLabel:  domain hash size = 128
[    0.685842] NetLabel:  protocols = UNLABELED CIPSOv4
[    0.687535] NetLabel:  unlabeled traffic allowed by default
[    0.689401] amd_nb: Cannot enumerate AMD northbridges
[    0.690585] clocksource: Switched to clocksource kvm-clock
[    0.699392] AppArmor: AppArmor Filesystem Enabled
[    0.701575] pnp: PnP ACPI init
[    0.703900] pnp: PnP ACPI: found 3 devices
[    0.713799] clocksource: acpi_pm: mask: 0xffffff max_cycles: 0xffffff, max_idle_ns: 2085701024 ns
[    0.716900] NET: Registered protocol family 2
[    0.718229] TCP established hash table entries: 8192 (order: 4, 65536 bytes)
[    0.720646] TCP bind hash table entries: 8192 (order: 5, 131072 bytes)
[    0.722456] TCP: Hash tables configured (established 8192 bind 8192)
[    0.723827] UDP hash table entries: 512 (order: 2, 16384 bytes)
[    0.725107] UDP-Lite hash table entries: 512 (order: 2, 16384 bytes)
[    0.726594] NET: Registered protocol family 1
[    0.728337] pci 0000:00:00.0: Limiting direct PCI/PCI transfers
[    0.730171] pci 0000:00:01.0: Activating ISA DMA hang workarounds
[    0.731690] Unpacking initramfs...
[    1.076952] Freeing initrd memory: 14884K
[    1.078366] clocksource: tsc: mask: 0xffffffffffffffff max_cycles: 0x2135f5e6f15, max_idle_ns: 440795231538 ns
[    1.081814] platform rtc_cmos: registered platform RTC device (no PNP device found)
[    1.084395] Scanning for low memory corruption every 60 seconds
[    1.087247] audit: initializing netlink subsys (disabled)
[    1.089234] audit: type=2000 audit(1596392124.771:1): initialized
[    1.090719] Initialise system trusted keyring
[    1.092624] HugeTLB registered 2 MB page size, pre-allocated 0 pages
[    1.095465] zbud: loaded
[    1.096920] VFS: Disk quotas dquot_6.6.0
[    1.098162] VFS: Dquot-cache hash table entries: 512 (order 0, 4096 bytes)
[    1.100607] squashfs: version 4.0 (2009/01/31) Phillip Lougher
[    1.102667] fuse init (API version 7.23)
[    1.103744] Key type big_key registered
[    1.104912] Allocating IMA MOK and blacklist keyrings.
[    1.107043] Key type asymmetric registered
[    1.108317] Asymmetric key parser 'x509' registered
[    1.109489] Block layer SCSI generic (bsg) driver version 0.4 loaded (major 249)
[    1.111720] io scheduler noop registered
[    1.112782] io scheduler deadline registered (default)
[    1.113921] io scheduler cfq registered
[    1.116835] pci_hotplug: PCI Hot Plug PCI Core version: 0.5
[    1.118501] pciehp: PCI Express Hot Plug Controller Driver version: 0.4
[    1.121178] ACPI: AC Adapter [AC] (on-line)
[    1.122535] input: Power Button as /devices/LNXSYSTM:00/LNXPWRBN:00/input/input0
[    1.124340] ACPI: Power Button [PWRF]
[    1.125282] input: Sleep Button as /devices/LNXSYSTM:00/LNXSLPBN:00/input/input1
[    1.127762] ACPI: Sleep Button [SLPF]
[    1.129041] GHES: HEST is not enabled!
[    1.130407] ACPI: Battery Slot [BAT0] (battery present)
[    1.130655] Serial: 8250/16550 driver, 32 ports, IRQ sharing enabled
[    1.152078] 00:02: ttyS0 at I/O 0x3f8 (irq = 4, base_baud = 115200) is a 16550A
[    1.155494] Linux agpgart interface v0.103
[    1.168723] loop: module loaded
[    1.170991] scsi host0: ata_piix
[    1.172808] scsi host1: ata_piix
[    1.173695] ata1: PATA max UDMA/33 cmd 0x1f0 ctl 0x3f6 bmdma 0xd000 irq 14
[    1.175782] ata2: PATA max UDMA/33 cmd 0x170 ctl 0x376 bmdma 0xd008 irq 15
[    1.178181] libphy: Fixed MDIO Bus: probed
[    1.179906] tun: Universal TUN/TAP device driver, 1.6
[    1.182831] tun: (C) 1999-2004 Max Krasnyansky <maxk@qualcomm.com>
[    1.184827] PPP generic driver version 2.4.2
[    1.185861] ehci_hcd: USB 2.0 'Enhanced' Host Controller (EHCI) Driver
[    1.187356] ehci-pci: EHCI PCI platform driver
[    1.188396] ehci-platform: EHCI generic platform driver
[    1.189562] ohci_hcd: USB 1.1 'Open' Host Controller (OHCI) Driver
[    1.190852] ohci-pci: OHCI PCI platform driver
[    1.191925] ohci-platform: OHCI generic platform driver
[    1.193248] uhci_hcd: USB Universal Host Controller Interface driver
[    1.195085] i8042: PNP: PS/2 Controller [PNP0303:PS2K,PNP0f03:PS2M] at 0x60,0x64 irq 1,12
[    1.198619] serio: i8042 KBD port at 0x60,0x64 irq 1
[    1.200861] serio: i8042 AUX port at 0x60,0x64 irq 12
[    1.203145] mousedev: PS/2 mouse device common for all mice
[    1.204584] input: AT Translated Set 2 keyboard as /devices/platform/i8042/serio0/input/input2
[    1.208355] rtc_cmos rtc_cmos: rtc core: registered rtc_cmos as rtc0
[    1.211209] rtc_cmos rtc_cmos: alarms up to one day, 114 bytes nvram
[    1.212857] i2c /dev entries driver
[    1.213728] device-mapper: uevent: version 1.0.3
[    1.215399] device-mapper: ioctl: 4.34.0-ioctl (2015-10-28) initialised: dm-devel@redhat.com
[    1.218559] ledtrig-cpu: registered to indicate activity on CPUs
[    1.221988] NET: Registered protocol family 10
[    1.223697] NET: Registered protocol family 17
[    1.224992] Key type dns_resolver registered
[    1.226308] registered taskstats version 1
[    1.227476] Loading compiled-in X.509 certificates
[    1.229962] Loaded X.509 cert 'Build time autogenerated kernel key: cef5e81496c0efa51b848ab539e845ddf31c08be'
[    1.232467] zswap: loaded using pool lzo/zbud
[    1.235514] Key type trusted registered
[    1.240995] Key type encrypted registered
[    1.242306] AppArmor: AppArmor sha1 policy hashing enabled
[    1.243647] ima: No TPM chip found, activating TPM-bypass!
[    1.244904] ima: Allocated hash algorithm: sha1
[    1.245941] evm: HMAC attrs: 0x1
[    1.247297]   Magic number: 0:790:290
[    1.248189] tty tty23: hash matches
[    1.249076] rtc_cmos rtc_cmos: setting system clock to 2020-08-02 18:15:20 UTC (1596392120)
[    1.251061] BIOS EDD facility v0.16 2004-Jun-25, 0 devices found
[    1.252340] EDD information not available.
[    1.361768] Freeing unused kernel memory: 1492K
[    1.365934] Write protecting the kernel read-only data: 14336k
[    1.368644] Freeing unused kernel memory: 1592K
[    1.370853] Freeing unused kernel memory: 56K
Loading, please wait...
starting version 229
[    1.388153] random: systemd-udevd: uninitialized urandom read (16 bytes read, 3 bits of entropy available)
[    1.388959] random: udevadm: uninitialized urandom read (16 bytes read, 3 bits of entropy available)
[    1.388988] random: udevadm: uninitialized urandom read (16 bytes read, 3 bits of entropy available)
[    1.397816] random: udevadm: uninitialized urandom read (16 bytes read, 3 bits of entropy available)
[    1.397900] random: udevadm: uninitialized urandom read (16 bytes read, 3 bits of entropy available)
[    1.398122] random: udevadm: uninitialized urandom read (16 bytes read, 3 bits of entropy available)
[    1.398189] random: udevadm: uninitialized urandom read (16 bytes read, 3 bits of entropy available)
[    1.398254] random: udevadm: uninitialized urandom read (16 bytes read, 3 bits of entropy available)
[    1.398304] random: udevadm: uninitialized urandom read (16 bytes read, 3 bits of entropy available)
[    1.398345] random: udevadm: uninitialized urandom read (16 bytes read, 3 bits of entropy available)
[    1.477292] e1000: Intel(R) PRO/1000 Network Driver - version 7.3.21-k8-NAPI
[    1.480108] e1000: Copyright (c) 1999-2006 Intel Corporation.
[    1.484003] Fusion MPT base driver 3.04.20
[    1.485020] Copyright (c) 1999-2008 LSI Corporation
[    1.495012] Fusion MPT SPI Host driver 3.04.20
[    1.497546] mptbase: ioc0: Initiating bringup
[    1.501718] AVX2 version of gcm_enc/dec engaged.
[    1.503302] AES CTR mode by8 optimization enabled
[    1.567900] ioc0: LSI53C1030 A0: Capabilities={Initiator}
[    1.692626] input: ImExPS/2 Generic Explorer Mouse as /devices/platform/i8042/serio1/input/input4
[    1.733102] scsi host2: ioc0: LSI53C1030 A0, FwRev=00000000h, Ports=1, MaxQ=256, IRQ=20
[    1.849139] scsi 2:0:0:0: Direct-Access     VBOX     HARDDISK         1.0  PQ: 0 ANSI: 5
[    1.851890] scsi target2:0:0: Beginning Domain Validation
[    1.854876] scsi target2:0:0: Domain Validation skipping write tests
[    1.856773] scsi target2:0:0: Ending Domain Validation
[    1.858430] scsi target2:0:0: asynchronous
[    1.860688] scsi 2:0:1:0: Direct-Access     VBOX     HARDDISK         1.0  PQ: 0 ANSI: 5
[    1.862757] scsi target2:0:1: Beginning Domain Validation
[    1.864664] scsi target2:0:1: Domain Validation skipping write tests
[    1.865991] scsi target2:0:1: Ending Domain Validation
[    1.867153] scsi target2:0:1: asynchronous
[    1.872259] sd 2:0:0:0: Attached scsi generic sg0 type 0
[    1.882804] sd 2:0:0:0: [sda] 20971520 512-byte logical blocks: (10.7 GB/10.0 GiB)
[    1.885687] sd 2:0:0:0: [sda] Write Protect is off
[    1.887528] sd 2:0:0:0: [sda] Incomplete mode parameter data
[    1.889262] sd 2:0:0:0: [sda] Assuming drive cache: write through
[    1.891350] sd 2:0:1:0: [sdb] 20480 512-byte logical blocks: (10.5 MB/10.0 MiB)
[    1.893780] sd 2:0:1:0: Attached scsi generic sg1 type 0
[    1.896949] sd 2:0:1:0: [sdb] Write Protect is off
[    1.898485] sd 2:0:1:0: [sdb] Incomplete mode parameter data
[    1.900156] sd 2:0:1:0: [sdb] Assuming drive cache: write through
[    1.904810]  sda: sda1
[    1.906978] sd 2:0:0:0: [sda] Attached SCSI disk
[    1.908453] sd 2:0:1:0: [sdb] Attached SCSI disk
[    2.724463] e1000 0000:00:03.0 eth0: (PCI:33MHz:32-bit) 02:81:88:50:25:98
[    2.726445] e1000 0000:00:03.0 eth0: Intel(R) PRO/1000 Network Connection
[    3.759192] e1000 0000:00:08.0 eth1: (PCI:33MHz:32-bit) 08:00:27:c8:e3:b7
[    3.761907] e1000 0000:00:08.0 eth1: Intel(R) PRO/1000 Network Connection
[    3.765890] e1000 0000:00:03.0 enp0s3: renamed from eth0
[    3.787163] e1000 0000:00:08.0 enp0s8: renamed from eth1
Begin: Loading essential drivers ... [    5.143699] md: linear personality registered for level -1
[    5.156843] md: multipath personality registered for level -4
[    5.166133] md: raid0 personality registered for level 0
[    5.173067] md: raid1 personality registered for level 1
[    5.250825] raid6: sse2x1   gen()  8152 MB/s
[    5.318875] raid6: sse2x1   xor()  7728 MB/s
[    5.386947] raid6: sse2x2   gen() 12416 MB/s
[    5.454991] raid6: sse2x2   xor()  7819 MB/s
[    5.522764] raid6: sse2x4   gen()  6354 MB/s
[    5.590914] raid6: sse2x4   xor()  5518 MB/s
[    5.658694] raid6: avx2x1   gen() 15566 MB/s
[    5.726756] raid6: avx2x2   gen() 17736 MB/s
[    5.795165] raid6: avx2x4   gen() 22955 MB/s
[    5.798072] raid6: using algorithm avx2x4 gen() 22955 MB/s
[    5.799853] raid6: using avx2x2 recovery algorithm
[    5.802774] xor: automatically using best checksumming function:
[    5.843067]    avx       : 24872.000 MB/sec
[    5.846162] async_tx: api initialized (async)
[    5.862263] md: raid6 personality registered for level 6
[    5.863602] md: raid5 personality registered for level 5
[    5.865080] md: raid4 personality registered for level 4
[    5.874384] md: raid10 personality registered for level 10
done.
Begin: Running /scripts/init-premount ... done.
Begin: Mounting root file system ... Begin: Running /scripts/local-top ... done.
Begin: Running /scripts/local-premount ... [    5.911025] Btrfs loaded
Scanning for Btrfs filesystems
done.
Warning: fsck not present, so skipping root file system
[    5.946322] EXT4-fs (sda1): mounted filesystem with ordered data mode. Opts: (null)
done.
Begin: Running /scripts/local-bottom ... done.
Begin: Running /scripts/init-bottom ... done.
[    6.094300] systemd[1]: systemd 229 running in system mode. (+PAM +AUDIT +SELINUX +IMA +APPARMOR +SMACK +SYSVINIT +UTMP +LIBCRYPTSETUP +GCRYPT +GNUTLS +ACL +XZ -LZ4 +SECCOMP +BLKID +ELFUTILS +KMOD -IDN)
[    6.100613] systemd[1]: Detected virtualization oracle.
[    6.102388] systemd[1]: Detected architecture x86-64.

Welcome to [1mUbuntu 16.04.6 LTS[0m!

[    6.120404] systemd[1]: Set hostname to <ubuntu>.
[    6.131651] systemd[1]: Initializing machine ID from random generator.
[    6.135240] systemd[1]: Installed transient /etc/machine-id file.
[    7.056920] systemd[1]: Listening on Journal Socket (/dev/log).
[[0;32m  OK  [0m] Listening on Journal Socket (/dev/log).
[    7.062931] systemd[1]: Reached target Swap.
[[0;32m  OK  [0m] Reached target Swap.
[    7.065455] systemd[1]: Reached target System Time Synchronized.
[[0;32m  OK  [0m] Reached target System Time Synchronized.
[    7.070791] systemd[1]: Listening on udev Kernel Socket.
[[0;32m  OK  [0m] Listening on udev Kernel Socket.
[    7.079709] systemd[1]: Set up automount Arbitrary Executable File Formats File System Automount Point.
[[0;32m  OK  [0m] Set up automount Arbitrary Executab...ats File System Automount Point.
[    7.098507] systemd[1]: Listening on Journal Socket.
[[0;32m  OK  [0m] Listening on Journal Socket.
[    7.104283] systemd[1]: Listening on Device-mapper event daemon FIFOs.
[[0;32m  OK  [0m] Listening on Device-mapper event daemon FIFOs.
[    7.110422] systemd[1]: Reached target Encrypted Volumes.
[[0;32m  OK  [0m] Reached target Encrypted Volumes.
[    7.114759] systemd[1]: Created slice User and Session Slice.
[[0;32m  OK  [0m] Created slice User and Session Slice.
[    7.732766] systemd[1]: Reached target User and Group Name Lookups.
[[0;32m  OK  [0m] Reached target User and Group Name Lookups.
[    7.739118] systemd[1]: Listening on LVM2 metadata daemon socket.
[[0;32m  OK  [0m] Listening on LVM2 metadata daemon socket.
[    8.063587] systemd[1]: Listening on LVM2 poll daemon socket.
[[0;32m  OK  [0m] Listening on LVM2 poll daemon socket.
[    8.071521] systemd[1]: Started Trigger resolvconf update for networkd DNS.
[[0;32m  OK  [0m] Started Trigger resolvconf update for networkd DNS.
[    8.083475] systemd[1]: Started Forward Password Requests to Wall Directory Watch.
[[0;32m  OK  [0m] Started Forward Password Requests to Wall Directory Watch.
[    8.093429] systemd[1]: Created slice System Slice.
[[0;32m  OK  [0m] Created slice System Slice.
[    8.101138] systemd[1]: Created slice system-serial\x2dgetty.slice.
[[0;32m  OK  [0m] Created slice system-serial\x2dgetty.slice.
[    8.127181] systemd[1]: Starting Remount Root and Kernel File Systems...
         Starting Remount Root and Kernel File Systems...
[    8.135826] systemd[1]: Mounting POSIX Message Queue File System...
         Mounting POSIX Message Queue File System...
[    8.144173] EXT4-fs (sda1): re-mounted. Opts: (null)
[    8.151497] systemd[1]: Starting Load Kernel Modules...
         Starting Load Kernel Modules...
[    8.158873] systemd[1]: Starting Monitoring of LVM2 mirrors, snapshots etc. using dmeventd or progress polling...
[    8.167536] random: nonblocking pool is initialized
         Starting Monitoring of LVM2 mirrors... dmeventd or progress polling...
[    8.181899] systemd[1]: Starting Create list of required static device nodes for the current kernel...
[    8.189073] Loading iSCSI transport class v2.0-870.
         Starting Create list of required st... nodes for the current kernel...
[    8.194234] systemd[1]: Reached target Slices.
[[0;32m  OK  [0m] Reached target Slices.
[    8.207034] systemd[1]: Starting Uncomplicated firewall...
         Starting Uncomplicated firewall...
[    8.212872] systemd[1]: Listening on udev Control Socket.
[[0;32m  OK  [0m] Listening on udev Control Socket.
[    8.217396] iscsi: registered transport (tcp)
[    8.217521] systemd[1]: Listening on /dev/initctl Compatibility Named Pipe.
[[0;32m  OK  [0m] Listening on /dev/initctl Compatibility Named Pipe.
[    8.224861] systemd[1]: Mounting Debug File System...
         Mounting Debug File System...
[    8.229357] systemd[1]: Starting Nameserver information manager...
         Starting Nameserver information manager...
[    8.235187] systemd[1]: Mounting Huge Pages File System...
         Mounting Huge Pages File System...
[    8.241076] systemd[1]: Listening on Journal Audit Socket.
[[0;32m  OK  [0m] Listening on Journal Audit Socket.
[    8.250893] systemd[1]: Listening on Syslog Socket.
[[0;32m  OK  [0m] Listening on Syslog Socket.
[    8.257960] iscsi: registered transport (iser)
[    8.274922] systemd[1]: Starting Journal Service...
         Starting Journal Service...
[    8.287831] systemd[1]: Starting Set console keymap...
         Starting Set console keymap...
[    8.297090] systemd[1]: Mounted Huge Pages File System.
[[0;32m  OK  [0m] Mounted Huge Pages File System.
[    8.301814] systemd[1]: Mounted POSIX Message Queue File System.
[[0;32m  OK  [0m] Mounted POSIX Message Queue File System.
[    8.309820] systemd[1]: Mounted Debug File System.
[[0;32m  OK  [0m] Mounted Debug File System.
[    8.313960] systemd[1]: Started Remount Root and Kernel File Systems.
[[0;32m  OK  [0m] Started Remount Root and Kernel File Systems.
[    8.321710] systemd[1]: Started Load Kernel Modules.
[[0;32m  OK  [0m] Started Load Kernel Modules.
[    8.325610] systemd[1]: Started Create list of required static device nodes for the current kernel.
[[0;32m  OK  [0m] Started Create list of required sta...ce nodes for the current kernel.
[    8.330936] systemd[1]: Started Uncomplicated firewall.
[[0;32m  OK  [0m] Started Uncomplicated firewall.
[    8.347732] systemd[1]: Started Set console keymap.
[[0;32m  OK  [0m] Started Set console keymap.
[    8.352987] systemd[1]: Started Journal Service.
[[0;32m  OK  [0m] Started Journal Service.
[[0;32m  OK  [0m] Started Nameserver information manager.
[[0;32m  OK  [0m] Started LVM2 metadata daemon.
         Starting Create Static Device Nodes in /dev...
         Starting Apply Kernel Variables...
         Mounting FUSE Control File System...
         Starting udev Coldplug all Devices...
         Starting Flush Journal to Persistent Storage...
         Starting Load/Save Random Seed...
[[0;32m  OK  [0m] Mounted FUSE Control File System.
[[0;32m  OK  [0m] Started Apply Kernel Variables.
[[0;32m  OK  [0m] Started Load/Save Random Seed.
[[0;32m  OK  [0m] Started Flush Journal to Persistent Storage.
[[0;32m  OK  [0m] Started Create Static Device Nodes in /dev.
         Starting udev Kernel Device Manager...
[[0;32m  OK  [0m] Started udev Coldplug all Devices.
[[0;32m  OK  [0m] Started Monitoring of LVM2 mirrors,...ng dmeventd or progress polling.
[[0;32m  OK  [0m] Reached target Local File Systems (Pre).
[[0;32m  OK  [0m] Reached target Local File Systems.
         Starting Set console font and keymap...
         Starting Initial cloud-init job (pre-networking)...
         Starting LSB: AppArmor initialization...
         Starting Commit a transient machine-id on disk...
         Starting Create Volatile Files and Directories...
         Starting Tell Plymouth To Write Out Runtime Data...
[[0;32m  OK  [0m] Started udev Kernel Device Manager.
[[0;32m  OK  [0m] Started Dispatch Password Requests to Console Directory Watch.
[[0;32m  OK  [0m] Started Create Volatile Files and Directories.
         Starting Update UTMP about System Boot/Shutdown...
[[0;32m  OK  [0m] Started Update UTMP about System Boot/Shutdown.
[[0;32m  OK  [0m] Started Tell Plymouth To Write Out Runtime Data.
[[0;32m  OK  [0m] Started Commit a transient machine-id on disk.
[[0;32m  OK  [0m] Found device /dev/ttyS0.
[[0;32m  OK  [0m] Listening on Load/Save RF Kill Switch Status /dev/rfkill Watch.
[[0;32m  OK  [0m] Started LSB: AppArmor initialization.
         Starting Load AppArmor profiles managed internally by snapd...
[    9.824523] cloud-init[479]: Cloud-init v. 20.2-45-g5f7825e2-0ubuntu1~16.04.1 running 'init-local' at Sun, 02 Aug 2020 18:15:28 +0000. Up 9.35 seconds.
[[0;32m  OK  [0m] Started Load AppArmor profiles managed internally by snapd.
[[0;32m  OK  [0m] Started Initial cloud-init job (pre-networking).
[[0;32m  OK  [0m] Reached target Network (Pre).
         Starting Raise network interfaces...
[[0;32m  OK  [0m] Started Set console font and keymap.
[[0;32m  OK  [0m] Created slice system-getty.slice.
[[0;32m  OK  [0m] Started Raise network interfaces.
[[0;32m  OK  [0m] Reached target Network.
         Starting Initial cloud-init job (metadata service crawler)...
[   11.756571] cloud-init[961]: Cloud-init v. 20.2-45-g5f7825e2-0ubuntu1~16.04.1 running 'init' at Sun, 02 Aug 2020 18:15:30 +0000. Up 10.95 seconds.
[   11.768802] cloud-init[961]: ci-info: ++++++++++++++++++++++++++++++++++++++Net device info+++++++++++++++++++++++++++++++++++++++
[   11.770110] cloud-init[961]: ci-info: +--------+-------+----------------------------+---------------+--------+-------------------+
[   11.771753] cloud-init[961]: ci-info: | Device |   Up  |          Address           |      Mask     | Scope  |     Hw-Address    |
[   11.780407] cloud-init[961]: ci-info: +--------+-------+----------------------------+---------------+--------+-------------------+
[   11.788814] cloud-init[961]: ci-info: | enp0s3 |  True |         10.0.2.15          | 255.255.255.0 | global | 02:81:88:50:25:98 |
[   11.791267] cloud-init[961]: ci-info: | enp0s3 |  True | fe80::81:88ff:fe50:2598/64 |       .       |  link  | 02:81:88:50:25:98 |
[   11.795014] cloud-init[961]: ci-info: | enp0s8 | False |             .              |       .       |   .    | 08:00:27:c8:e3:b7 |
[   11.798544] cloud-init[961]: ci-info: |   lo   |  True |         127.0.0.1          |   255.0.0.0   |  host  |         .         |
[   11.801507] cloud-init[961]: ci-info: |   lo   |  True |          ::1/128           |       .       |  host  |         .         |
[[0;32m  OK  [0m] Started Initial cloud-init job (metadata service crawler).
[   11.816912] cloud-init[961]: ci-info: +--------+-------+----------------------------+---------------+--------+-------------------+
[   11.819722] cloud-init[961]: ci-info: +++++++++++++++++++++++++++Route IPv4 info++++++++++++++++++++++++++++
[[0;32m  OK  [0m] Reached target Network is Online.
[   11.820622] cloud-init[961]: ci-info: +-------+-------------+----------+---------------+-----------+-------+
[   12.077921] cloud-init[961]: ci-info: | Route | Destination | Gateway  |    Genmask    | Interface | Flags |
[   12.080481] cloud-init[961]: ci-info: +-------+-------------+----------+---------------+-----------+-------+
[   12.082515] cloud-init[961]: ci-info: |   0   |   0.0.0.0   | 10.0.2.2 |    0.0.0.0    |   enp0s3  |   UG  |
[   12.084903] cloud-init[961]: ci-info: |   1   |   10.0.2.0  | 0.0.0.0  | 255.255.255.0 |   enp0s3  |   U   |
[   12.092788] cloud-init[961]: ci-info: +-------+-------------+----------+---------------+-----------+-------+
[   12.096794]          cloud-initStarting iSCSI initiator daemon (iscsid)...[961]: 
ci-info: +++++++++++++++++++Route IPv6 info+++++++++++++++++++
[[0;32m  OK  [0m] Reached target Cloud-config availability.
[   12.104527] [[0;32m  OK  [0m] Reached target System Initialization.
[[0;32m  OK  [0m] Started Daily Cleanup of Temporary Directories.
[[0;32m  OK  [0m] Started Daily apt download activities.
cloud-init[961]: ci-info: +-------+-------------+---------+-----------+-------+
[   12.110373] [[0;32m  OK  [0m] Started Daily apt upgrade and clean activities.
cloud-init[961]: ci-info: | Route | Destination | Gateway | Interface | Flags |[[0;32m  OK  [0m] Started ACPI Events Check.
[[0;32m  OK  [0m] Reached target Paths.
[[0;32m  OK  [0m] Listening on UUID daemon activation socket.
[[0;32m  OK  [0m] Listening on ACPID Listen Socket.
[[0;32m  OK  [0m] Listening on D-Bus System Message Bus Socket.

[   12.125492] [[0;32m  OK  [0m] Started Message of the Day.
[[0;32m  OK  [0m] Reached target Timers.
         Starting Socket activation for snappy daemon.
         Starting LXD - unix socket.
cloud-init[961]: ci-info: +-------+-------------+---------+-----------+-------+
[   12.132728] cloud-init[961]: ci-info: |   0   |  fe80::/64  |    ::   |   enp0s3  |   U   |
[[0;32m  OK  [0m] Listening on Socket activation for snappy daemon.
[   12.143245] [[0;32m  OK  [0m] Listening on LXD - unix socket.
[[0;32m  OK  [0m] Reached target Sockets.
[[0;32m  OK  [0m] Reached target Basic System.
         Starting /etc/rc.local Compatibility...
         Starting LSB: MD monitoring daemon...
[[0;32m  OK  [0m] Started D-Bus System Message Bus.
cloud-init[961]: ci-info: |   3   |   ff00::/8  |    ::   |   enp0s3  |   U   |
[   12.160676] cloud-init[961]: ci-info: +-------+-------------+---------+-----------+-------+
[   12.162221] cloud-init[961]: Generating public/private rsa key pair.
[   12.166269] cloud-init[961]: Your identification has been saved in /etc/ssh/ssh_host_rsa_key.
[   12.169258] cloud-init[961]: Your public key has been saved in /etc/ssh/ssh_host_rsa_key.pub.
[   12.171393] cloud-init[961]: The key fingerprint is:
[   12.180977] cloud-init[961]: SHA256:nxF8RbWSVaV3vl0OH9dFP7RuX5nFVRoqj1vAgUCA8hg root@ubuntu-xenial
[   12.183349] cloud-init[961]: The key's randomart image is:
[   12.184525] cloud-init[961]: +---[RSA 2048]----+
[   12.186022] cloud-init[961]: |   ..oo. ..  .++@|
[   12.188805] cloud-init[961]: |E .     .o . o+*=|
[   12.190084] cloud-init[961]: | =        * ooo+B|
[   12.191072] cloud-init[961]: |. .        B  ooO|
[   12.192531] cloud-init[961]: |        S o o .**|
[   12.193998] cloud-init[961]: |         . =  .+O|
[   12.195830] cloud-init[961]: |          +    .=|
[   12.204620] [[0;32m  OK  [0m] Started ACPI event daemon.
[[0;32m  OK  [0m] Started Deferred execution scheduler.
[[0;32m  OK  [0m] Started FUSE filesystem for LXC.
         Starting System Logging Service...
cloud-init[961]:          Starting Pollinate to seed the pseudo random number generator...
|                 |[[0;32m  OK  [0m] Started Regular background program processing daemon.

         Starting LXD - container startup/shutdown...
         Starting Virtualbox guest utils...
[   12.229929]          Starting Snap Daemon...
         Starting Login Service...
         Starting LSB: Record successful boot for GRUB...
         Starting Accounts Service...
[[0;32m  OK  [0m] Started iSCSI initiator daemon (iscsid).
[[0;32m  OK  [0m] Started /etc/rc.local Compatibility.
         Starting Login to default iSCSI targets...
cloud-init[[0;32m  OK  [0m] Started Login Service.
[[0;32m  OK  [0m] Started Unattended Upgrades Shutdown.
[961]: |                 |[[0;32m  OK  [0m] Started Login to default iSCSI targets.
[[0;32m  OK  [0m] Reached target Remote File Systems (Pre).
[[0;32m  OK  [0m] Reached target Remote File Systems.

[   12.300737] cloud-init[961]: +----[SHA256]-----+
[   12.303758] cloud-init[961]: Generating public/private dsa key pair.
[   12.308265] cloud-init[961]: Your identification has been saved in /etc/ssh/ssh_host_dsa_key.
[   12.311656] cloud-init[961]: Your public key has been saved in /etc/ssh/ssh_host_dsa_key.pub.
         Starting LSB: automatic crash report generation...
[   12.317254] cloud-init         Starting LSB: daemon to balance interrupts for SMP systems...
         Starting Permit User Sessions...
         Starting LSB: Set the CPU Frequency Scaling governor to "ondemand"...
[961]: The key fingerprint is:
[   12.324328] cloud-init[961]: SHA256:3jiCQoet/c4y5Jl0pvujWEi5Wix+PvOAETI8D/MDQwQ root@ubuntu-xenial
[[0;32m  OK  [0m] Started LSB: MD monitoring daemon.
[   12.328534] cloud-init[961]: The key's randomart image is:[[0;32m  OK  [0m] Started Permit User Sessions.

[   12.357663]          Starting Hold until boot process finishes up...
cloud-init[961]: +---[DSA 1024]----+
         Starting Terminate Plymouth Boot Screen...
[[0;32m  OK  [0m] Started System Logging Service.
[[0;32m  OK  [0m] Started Hold until boot process finishes up.
[[0;32m  OK  [0m] Started LSB: Record successful boot for GRUB.
[[0;32m  OK  [0m] Started Getty on tty1.
         Starting Set console scheme...
[[0;32m  OK  [0m] Started Serial Getty on ttyS0.
[[0;32m  OK  [0m] Reached target Login Prompts.
[   12.383825] cloud-init[961]: |Eo               |
[   12.392161] cloud-init[961]: |o                |
[   12.408721] cloud-init[[0;32m  OK  [0m] Started Terminate Plymouth Boot Screen.
[961]: |oO               |
[   12.420814] [[0;32m  OK  [0m] Started Set console scheme.
cloud-init[961]: |..X+             |
[   12.426014] cloud-init[961]: | .=+o   S        |
[   12.440980] [cloud-init[0;32m  OK  [0m[961]: ] | +o*+.o. o       |Started LSB: Set the CPU Frequency Scaling governor to "ondemand".

[   12.446459] cloud-init[961]: |..B=+*. + .      |
[   12.455453] cloud-init[961]: |.+ BOo.. .       |
         Starting Authenticate and Authorize Users to Run Privileged Tasks...
[[0;32m  OK  [0m] Started LSB: automatic crash report generation.
[   12.479768] cloud-init[961]: |..+.*O=.         |
[   12.534357] cloud-init[[0;32m  OK  [0m] Started LSB: daemon to balance interrupts for SMP systems.
[961]: +----[SHA256]-----+
[   12.545215] cloud-init[961]: Generating public/private ecdsa key pair.
[   12.560905] cloud-init[961]: Your identification has been saved in /etc/ssh/ssh_host_ecdsa_key.
[[0;32m  OK  [0m] Started Authenticate and Authorize Users to Run Privileged Tasks.
[   12.581341] [[0;32m  OK  [0m] Started LXD - container startup/shutdown.
cloud-init[961]: Your public key has been saved in /etc/ssh/ssh_host_ecdsa_key.pub.
[[0;32m  OK  [0m] Started Accounts Service.
[   12.595938] cloud-init[961]: The key fingerprint is:
[   12.599012] cloud-init[961]: SHA256:y/GLFVmoDotql12jzoo1qrsf9cHa5udgqcI9Trl7Dr0 root@ubuntu-xenial
[   12.604155] cloud-init[961]: The key's randomart image is:
[   12.616285] cloud-init[961]: +---[ECDSA 256]---+
[   12.620482] cloud-init[961]: |                 |
[   12.623357] cloud-init[961]: |           .     |
[   12.626024] cloud-init[961]: |          . .    |
[   12.627799] cloud-init[961]: |     .   . o     |
[   12.629936] cloud-init[961]: |    . + S o      |
[   12.640683] cloud-init[961]: |   . B Bo+ .     |
[   12.643203] cloud-init[961]: | ...OoXo+.o      |
[   12.645055] cloud-init[961]: |  +B=X+o.o .     |
[   12.648433] cloud-init[961]: |+*=+*BEoo .      |
[   12.652240] cloud-init[961]: +----[SHA256]-----+
[   12.654434] cloud-init[961]: Generating public/private ed25519 key pair.
[   12.657067] cloud-init[961]: Your identification has been saved in /etc/ssh/ssh_host_ed25519_key.
[   12.660782] cloud-init[961]: Your public key has been saved in /etc/ssh/ssh_host_ed25519_key.pub.
[   12.664328] cloud-init[961]: The key fingerprint is:
[   12.666451] cloud-init[961]: SHA256:czA5GGek1+a8nJKQsUnpsdS+xdlB7XPWHkbZPPgEaGo root@ubuntu-xenial
[[0;32m  OK  [0m] Started Virtualbox guest utils.
[   12.681468] cloud-init[961]: The key's randomart image is:
[   12.689633] cloud-init[961]: +--[ED25519 256]--+
[   12.699659] cloud-init[961]: |      ..+   ooo.o|
[   12.712304] cloud-init[961]: |       O o + ..=o|
[   12.718808] cloud-init[961]: |      O B = ..+ o|
[   12.807657] cloud-init[961]: |     + X E o .o++|
[   12.809924] cloud-init[961]: |      B S B . .=.|
[   12.812277] cloud-init[961]: |       . B o    .|
[   12.814000] cloud-init[961]: |        + +      |
[   12.816419] cloud-init[961]: |         .       |
[   12.818557] cloud-init[961]: |                 |
[   12.820790] cloud-init[961]: +----[SHA256]-----+
[[0;32m  OK  [0m] Started Snap Daemon.
         Starting Wait until snapd is fully seeded...
[[0;32m  OK  [0m] Started Pollinate to seed the pseudo random number generator.
         Starting OpenBSD Secure Shell server...
[[0;32m  OK  [0m] Started OpenBSD Secure Shell server.
[[0;32m  OK  [0m] Started Wait until snapd is fully seeded.
[[0;32m  OK  [0m] Reached target Multi-User System.
[[0;32m  OK  [0m] Reached target Graphical Interface.
         Starting Update UTMP about System Runlevel Changes...
         Starting Apply the settings specified in cloud-config...
[[0;32m  OK  [0m] Started Update UTMP about System Runlevel Changes.
[   14.603884] cloud-init[1330]: Generating locales (this might take a while)...
[   15.673273] cloud-init[1330]:   en_US.UTF-8... done
[   15.675982] cloud-init[1330]: Generation complete.
[   16.022130] cloud-init[1330]: Cloud-init v. 20.2-45-g5f7825e2-0ubuntu1~16.04.1 running 'modules:config' at Sun, 02 Aug 2020 18:15:33 +0000. Up 14.47 seconds.
[[0;32m  OK  [0m] Started Apply the settings specified in cloud-config.
         Starting Execute cloud user/final scripts...
ci-info: no authorized SSH keys fingerprints found for user ubuntu.
<14>Aug  2 18:15:36 ec2: 
<14>Aug  2 18:15:36 ec2: #############################################################
<14>Aug  2 18:15:36 ec2: -----BEGIN SSH HOST KEY FINGERPRINTS-----
<14>Aug  2 18:15:36 ec2: 1024 SHA256:3jiCQoet/c4y5Jl0pvujWEi5Wix+PvOAETI8D/MDQwQ root@ubuntu-xenial (DSA)
<14>Aug  2 18:15:36 ec2: 256 SHA256:y/GLFVmoDotql12jzoo1qrsf9cHa5udgqcI9Trl7Dr0 root@ubuntu-xenial (ECDSA)
<14>Aug  2 18:15:36 ec2: 256 SHA256:czA5GGek1+a8nJKQsUnpsdS+xdlB7XPWHkbZPPgEaGo root@ubuntu-xenial (ED25519)
<14>Aug  2 18:15:36 ec2: 2048 SHA256:nxF8RbWSVaV3vl0OH9dFP7RuX5nFVRoqj1vAgUCA8hg root@ubuntu-xenial (RSA)
<14>Aug  2 18:15:36 ec2: -----END SSH HOST KEY FINGERPRINTS-----
<14>Aug  2 18:15:36 ec2: #############################################################
-----BEGIN SSH HOST KEY KEYS-----
ecdsa-sha2-nistp256 AAAAE2VjZHNhLXNoYTItbmlzdHAyNTYAAAAIbmlzdHAyNTYAAABBBE8wP2SiigAqFjBHep5f2m7uw4bEBXnm0GUKsYmCsuj8BDY8TAKhXmTTaxOwM30vbcHGUcJiwnqczfdTyqo/9hI= root@ubuntu-xenial
ssh-ed25519 AAAAC3NzaC1lZDI1NTE5AAAAIDEOcCkv4CLzvBRFRYNurQ9TM3f50mc5b36o5FaZ/VBr root@ubuntu-xenial
ssh-rsa AAAAB3NzaC1yc2EAAAADAQABAAABAQCf+Bd5HlO/EbtVerMyno9q8sAntwQ9YVklcZZXAYZePwSDsU//FhUAl7ozPlK7+RlHuoZsAqs2bWr0/5xmT+jqpwQJwHPkRLvXEvoM9oG50zOUg879PYjV13DBAcJbmktOZohMp1V/5C0xddnc4m/dAyHdJz9mr5N3eQrjmyiBUpPXHZPlQ2vcP4FuqiT1sYxi3Yy4t91+9h/ZjxT2pUL7SBYXGJkqB/sOT8Tdqrt6BdMkImCyho/1KPSz/rgdVPsAq5JmCuxU2k2+a7n1PhOuWx0Cm5ZNJObq+eNRFC4FK9Sb2zbsHxpGIxZzHO5M/ePsIfw1NCUj+tgJWBMBXnLn root@ubuntu-xenial
-----END SSH HOST KEY KEYS-----
[   16.621020] cloud-init[1374]: Cloud-init v. 20.2-45-g5f7825e2-0ubuntu1~16.04.1 running 'modules:final' at Sun, 02 Aug 2020 18:15:35 +0000. Up 16.44 seconds.
[   16.623623] cloud-init[1374]: ci-info: no authorized SSH keys fingerprints found for user ubuntu.
[   16.625855] cloud-init[1374]: Cloud-init v. 20.2-45-g5f7825e2-0ubuntu1~16.04.1 finished at Sun, 02 Aug 2020 18:15:36 +0000. Datasource DataSourceNoCloud [seed=/dev/sdb][dsmode=net].  Up 16.61 seconds
[[0;32m  OK  [0m] Started Execute cloud user/final scripts.
[[0;32m  OK  [0m] Reached target Cloud-init target.

Ubuntu 16.04.6 LTS ubuntu-xenial ttyS0

ubuntu-xenial login: 